Archive member included to satisfy reference by file (symbol)

/ihoment/home/zhouhua/ESP8266/ESP8266_RTOS_SDK/zhouhua/build/bootloader/main/libmain.a(bootloader_start.o)
                              (call_start_cpu)
/ihoment/home/zhouhua/ESP8266/ESP8266_RTOS_SDK/zhouhua/build/bootloader/bootloader_support/libbootloader_support.a(bootloader_init.o)
                              /ihoment/home/zhouhua/ESP8266/ESP8266_RTOS_SDK/zhouhua/build/bootloader/main/libmain.a(bootloader_start.o) (bootloader_init)
/ihoment/home/zhouhua/ESP8266/ESP8266_RTOS_SDK/zhouhua/build/bootloader/bootloader_support/libbootloader_support.a(bootloader_utility.o)
                              /ihoment/home/zhouhua/ESP8266/ESP8266_RTOS_SDK/zhouhua/build/bootloader/main/libmain.a(bootloader_start.o) (bootloader_utility_load_partition_table)
/ihoment/home/zhouhua/ESP8266/ESP8266_RTOS_SDK/zhouhua/build/bootloader/bootloader_support/libbootloader_support.a(bootloader_flash.o)
                              /ihoment/home/zhouhua/ESP8266/ESP8266_RTOS_SDK/zhouhua/build/bootloader/bootloader_support/libbootloader_support.a(bootloader_utility.o) (bootloader_mmap)
/ihoment/home/zhouhua/ESP8266/ESP8266_RTOS_SDK/zhouhua/build/bootloader/bootloader_support/libbootloader_support.a(bootloader_common.o)
                              /ihoment/home/zhouhua/ESP8266/ESP8266_RTOS_SDK/zhouhua/build/bootloader/bootloader_support/libbootloader_support.a(bootloader_utility.o) (bootloader_common_ota_select_valid)
/ihoment/home/zhouhua/ESP8266/ESP8266_RTOS_SDK/zhouhua/build/bootloader/bootloader_support/libbootloader_support.a(flash_partitions.o)
                              /ihoment/home/zhouhua/ESP8266/ESP8266_RTOS_SDK/zhouhua/build/bootloader/bootloader_support/libbootloader_support.a(bootloader_utility.o) (esp_partition_table_basic_verify)
/ihoment/home/zhouhua/ESP8266/ESP8266_RTOS_SDK/zhouhua/build/bootloader/bootloader_support/libbootloader_support.a(esp_image_format.o)
                              /ihoment/home/zhouhua/ESP8266/ESP8266_RTOS_SDK/zhouhua/build/bootloader/bootloader_support/libbootloader_support.a(bootloader_utility.o) (esp_image_load)
/ihoment/home/zhouhua/ESP8266/ESP8266_RTOS_SDK/zhouhua/build/bootloader/spi_flash/libspi_flash.a(spi_flash.o)
                              /ihoment/home/zhouhua/ESP8266/ESP8266_RTOS_SDK/zhouhua/build/bootloader/bootloader_support/libbootloader_support.a(flash_partitions.o) (flashchip)
/ihoment/home/zhouhua/ESP8266/ESP8266_RTOS_SDK/zhouhua/build/bootloader/spi_flash/libspi_flash.a(spi_flash_raw.o)
                              /ihoment/home/zhouhua/ESP8266/ESP8266_RTOS_SDK/zhouhua/build/bootloader/spi_flash/libspi_flash.a(spi_flash.o) (spi_flash_get_id_raw)
/ihoment/home/zhouhua/ESP8266/ESP8266_RTOS_SDK/zhouhua/build/bootloader/log/liblog.a(log.o)
                              /ihoment/home/zhouhua/ESP8266/ESP8266_RTOS_SDK/zhouhua/build/bootloader/bootloader_support/libbootloader_support.a(bootloader_common.o) (esp_log_early_timestamp)
/ihoment/home/zhouhua/ESP8266/ESP8266_RTOS_SDK/zhouhua/build/bootloader/esp8266/libesp8266.a(ets_printf.o)
                              /ihoment/home/zhouhua/ESP8266/ESP8266_RTOS_SDK/zhouhua/build/bootloader/log/liblog.a(log.o) (ets_vprintf)
/ihoment/home/zhouhua/ESP8266/ESP8266_RTOS_SDK/zhouhua/build/bootloader/util/libutil.a(crc.o)
                              /ihoment/home/zhouhua/ESP8266/ESP8266_RTOS_SDK/zhouhua/build/bootloader/bootloader_support/libbootloader_support.a(bootloader_common.o) (crc32_le)
/ihoment/home/zhouhua/ESP8266/ESP8266_RTOS_SDK/components/esp8266/lib/libcore.a(phy.o)
                              /ihoment/home/zhouhua/ESP8266/ESP8266_RTOS_SDK/zhouhua/build/bootloader/bootloader_support/libbootloader_support.a(bootloader_init.o) (phy_reg_default)
/ihoment/home/zhouhua/ESP8266/ESP8266_RTOS_SDK/components/esp8266/lib/libcore.a(uart.o)
                              /ihoment/home/zhouhua/ESP8266/ESP8266_RTOS_SDK/zhouhua/build/bootloader/bootloader_support/libbootloader_support.a(bootloader_init.o) (uart_div_modify)

Allocating common symbols
Common symbol       size              file

esp_image_spi_freq_t
                    0x4               /ihoment/home/zhouhua/ESP8266/ESP8266_RTOS_SDK/zhouhua/build/bootloader/main/libmain.a(bootloader_start.o)

Discarded input sections

 .text          0x0000000000000000        0x0 /ihoment/home/zhouhua/ESP8266/ESP8266_RTOS_SDK/zhouhua/build/bootloader/main/libmain.a(bootloader_start.o)
 .data          0x0000000000000000        0x0 /ihoment/home/zhouhua/ESP8266/ESP8266_RTOS_SDK/zhouhua/build/bootloader/main/libmain.a(bootloader_start.o)
 .bss           0x0000000000000000        0x0 /ihoment/home/zhouhua/ESP8266/ESP8266_RTOS_SDK/zhouhua/build/bootloader/main/libmain.a(bootloader_start.o)
 .xt.lit        0x0000000000000000       0x18 /ihoment/home/zhouhua/ESP8266/ESP8266_RTOS_SDK/zhouhua/build/bootloader/main/libmain.a(bootloader_start.o)
 .xt.prop       0x0000000000000000       0xcc /ihoment/home/zhouhua/ESP8266/ESP8266_RTOS_SDK/zhouhua/build/bootloader/main/libmain.a(bootloader_start.o)
 COMMON         0x0000000000000000        0x4 /ihoment/home/zhouhua/ESP8266/ESP8266_RTOS_SDK/zhouhua/build/bootloader/main/libmain.a(bootloader_start.o)
 .text          0x0000000000000000        0x0 /ihoment/home/zhouhua/ESP8266/ESP8266_RTOS_SDK/zhouhua/build/bootloader/bootloader_support/libbootloader_support.a(bootloader_init.o)
 .data          0x0000000000000000        0x0 /ihoment/home/zhouhua/ESP8266/ESP8266_RTOS_SDK/zhouhua/build/bootloader/bootloader_support/libbootloader_support.a(bootloader_init.o)
 .bss           0x0000000000000000        0x0 /ihoment/home/zhouhua/ESP8266/ESP8266_RTOS_SDK/zhouhua/build/bootloader/bootloader_support/libbootloader_support.a(bootloader_init.o)
 .xt.lit        0x0000000000000000       0x28 /ihoment/home/zhouhua/ESP8266/ESP8266_RTOS_SDK/zhouhua/build/bootloader/bootloader_support/libbootloader_support.a(bootloader_init.o)
 .xt.prop       0x0000000000000000      0x1bc /ihoment/home/zhouhua/ESP8266/ESP8266_RTOS_SDK/zhouhua/build/bootloader/bootloader_support/libbootloader_support.a(bootloader_init.o)
 .text          0x0000000000000000        0x0 /ihoment/home/zhouhua/ESP8266/ESP8266_RTOS_SDK/zhouhua/build/bootloader/bootloader_support/libbootloader_support.a(bootloader_utility.o)
 .data          0x0000000000000000        0x0 /ihoment/home/zhouhua/ESP8266/ESP8266_RTOS_SDK/zhouhua/build/bootloader/bootloader_support/libbootloader_support.a(bootloader_utility.o)
 .bss           0x0000000000000000        0x0 /ihoment/home/zhouhua/ESP8266/ESP8266_RTOS_SDK/zhouhua/build/bootloader/bootloader_support/libbootloader_support.a(bootloader_utility.o)
 .xt.lit        0x0000000000000000       0x30 /ihoment/home/zhouhua/ESP8266/ESP8266_RTOS_SDK/zhouhua/build/bootloader/bootloader_support/libbootloader_support.a(bootloader_utility.o)
 .xt.prop       0x0000000000000000      0x474 /ihoment/home/zhouhua/ESP8266/ESP8266_RTOS_SDK/zhouhua/build/bootloader/bootloader_support/libbootloader_support.a(bootloader_utility.o)
 .literal.bootloader_flash_write
                0x0000000000000000       0x28 /ihoment/home/zhouhua/ESP8266/ESP8266_RTOS_SDK/zhouhua/build/bootloader/bootloader_support/libbootloader_support.a(bootloader_flash.o)
 .literal.bootloader_flash_erase_sector
                0x0000000000000000        0x4 /ihoment/home/zhouhua/ESP8266/ESP8266_RTOS_SDK/zhouhua/build/bootloader/bootloader_support/libbootloader_support.a(bootloader_flash.o)
 .text          0x0000000000000000        0x0 /ihoment/home/zhouhua/ESP8266/ESP8266_RTOS_SDK/zhouhua/build/bootloader/bootloader_support/libbootloader_support.a(bootloader_flash.o)
 .data          0x0000000000000000        0x0 /ihoment/home/zhouhua/ESP8266/ESP8266_RTOS_SDK/zhouhua/build/bootloader/bootloader_support/libbootloader_support.a(bootloader_flash.o)
 .bss           0x0000000000000000        0x0 /ihoment/home/zhouhua/ESP8266/ESP8266_RTOS_SDK/zhouhua/build/bootloader/bootloader_support/libbootloader_support.a(bootloader_flash.o)
 .text.bootloader_flash_write
                0x0000000000000000       0x9d /ihoment/home/zhouhua/ESP8266/ESP8266_RTOS_SDK/zhouhua/build/bootloader/bootloader_support/libbootloader_support.a(bootloader_flash.o)
 .text.bootloader_flash_erase_sector
                0x0000000000000000       0x15 /ihoment/home/zhouhua/ESP8266/ESP8266_RTOS_SDK/zhouhua/build/bootloader/bootloader_support/libbootloader_support.a(bootloader_flash.o)
 .xt.lit        0x0000000000000000       0x30 /ihoment/home/zhouhua/ESP8266/ESP8266_RTOS_SDK/zhouhua/build/bootloader/bootloader_support/libbootloader_support.a(bootloader_flash.o)
 .xt.prop       0x0000000000000000      0x1ec /ihoment/home/zhouhua/ESP8266/ESP8266_RTOS_SDK/zhouhua/build/bootloader/bootloader_support/libbootloader_support.a(bootloader_flash.o)
 .literal.bootloader_common_check_long_hold_gpio
                0x0000000000000000       0x58 /ihoment/home/zhouhua/ESP8266/ESP8266_RTOS_SDK/zhouhua/build/bootloader/bootloader_support/libbootloader_support.a(bootloader_common.o)
 .text          0x0000000000000000        0x0 /ihoment/home/zhouhua/ESP8266/ESP8266_RTOS_SDK/zhouhua/build/bootloader/bootloader_support/libbootloader_support.a(bootloader_common.o)
 .data          0x0000000000000000        0x0 /ihoment/home/zhouhua/ESP8266/ESP8266_RTOS_SDK/zhouhua/build/bootloader/bootloader_support/libbootloader_support.a(bootloader_common.o)
 .bss           0x0000000000000000        0x0 /ihoment/home/zhouhua/ESP8266/ESP8266_RTOS_SDK/zhouhua/build/bootloader/bootloader_support/libbootloader_support.a(bootloader_common.o)
 .text.bootloader_common_check_long_hold_gpio
                0x0000000000000000      0x1a7 /ihoment/home/zhouhua/ESP8266/ESP8266_RTOS_SDK/zhouhua/build/bootloader/bootloader_support/libbootloader_support.a(bootloader_common.o)
 .xt.lit        0x0000000000000000       0x18 /ihoment/home/zhouhua/ESP8266/ESP8266_RTOS_SDK/zhouhua/build/bootloader/bootloader_support/libbootloader_support.a(bootloader_common.o)
 .xt.prop       0x0000000000000000       0xf0 /ihoment/home/zhouhua/ESP8266/ESP8266_RTOS_SDK/zhouhua/build/bootloader/bootloader_support/libbootloader_support.a(bootloader_common.o)
 .text          0x0000000000000000        0x0 /ihoment/home/zhouhua/ESP8266/ESP8266_RTOS_SDK/zhouhua/build/bootloader/bootloader_support/libbootloader_support.a(flash_partitions.o)
 .data          0x0000000000000000        0x0 /ihoment/home/zhouhua/ESP8266/ESP8266_RTOS_SDK/zhouhua/build/bootloader/bootloader_support/libbootloader_support.a(flash_partitions.o)
 .bss           0x0000000000000000        0x0 /ihoment/home/zhouhua/ESP8266/ESP8266_RTOS_SDK/zhouhua/build/bootloader/bootloader_support/libbootloader_support.a(flash_partitions.o)
 .xt.lit        0x0000000000000000        0x8 /ihoment/home/zhouhua/ESP8266/ESP8266_RTOS_SDK/zhouhua/build/bootloader/bootloader_support/libbootloader_support.a(flash_partitions.o)
 .xt.prop       0x0000000000000000       0xa8 /ihoment/home/zhouhua/ESP8266/ESP8266_RTOS_SDK/zhouhua/build/bootloader/bootloader_support/libbootloader_support.a(flash_partitions.o)
 .literal.esp_image_verify_bootloader
                0x0000000000000000        0x8 /ihoment/home/zhouhua/ESP8266/ESP8266_RTOS_SDK/zhouhua/build/bootloader/bootloader_support/libbootloader_support.a(esp_image_format.o)
 .text          0x0000000000000000        0x0 /ihoment/home/zhouhua/ESP8266/ESP8266_RTOS_SDK/zhouhua/build/bootloader/bootloader_support/libbootloader_support.a(esp_image_format.o)
 .data          0x0000000000000000        0x0 /ihoment/home/zhouhua/ESP8266/ESP8266_RTOS_SDK/zhouhua/build/bootloader/bootloader_support/libbootloader_support.a(esp_image_format.o)
 .bss           0x0000000000000000        0x0 /ihoment/home/zhouhua/ESP8266/ESP8266_RTOS_SDK/zhouhua/build/bootloader/bootloader_support/libbootloader_support.a(esp_image_format.o)
 .text.esp_image_verify_bootloader
                0x0000000000000000       0x41 /ihoment/home/zhouhua/ESP8266/ESP8266_RTOS_SDK/zhouhua/build/bootloader/bootloader_support/libbootloader_support.a(esp_image_format.o)
 .xt.lit        0x0000000000000000       0x40 /ihoment/home/zhouhua/ESP8266/ESP8266_RTOS_SDK/zhouhua/build/bootloader/bootloader_support/libbootloader_support.a(esp_image_format.o)
 .xt.prop       0x0000000000000000      0x36c /ihoment/home/zhouhua/ESP8266/ESP8266_RTOS_SDK/zhouhua/build/bootloader/bootloader_support/libbootloader_support.a(esp_image_format.o)
 .literal.spi_flash_program
                0x0000000000000000       0x20 /ihoment/home/zhouhua/ESP8266/ESP8266_RTOS_SDK/zhouhua/build/bootloader/spi_flash/libspi_flash.a(spi_flash.o)
 .literal.__spi_flash_write
                0x0000000000000000        0x8 /ihoment/home/zhouhua/ESP8266/ESP8266_RTOS_SDK/zhouhua/build/bootloader/spi_flash/libspi_flash.a(spi_flash.o)
 .literal.__spi_flash_read
                0x0000000000000000       0x10 /ihoment/home/zhouhua/ESP8266/ESP8266_RTOS_SDK/zhouhua/build/bootloader/spi_flash/libspi_flash.a(spi_flash.o)
 .literal.spi_flash_write_status
                0x0000000000000000        0xc /ihoment/home/zhouhua/ESP8266/ESP8266_RTOS_SDK/zhouhua/build/bootloader/spi_flash/libspi_flash.a(spi_flash.o)
 .literal.spi_flash_check_wr_protect
                0x0000000000000000       0x4c /ihoment/home/zhouhua/ESP8266/ESP8266_RTOS_SDK/zhouhua/build/bootloader/spi_flash/libspi_flash.a(spi_flash.o)
 .literal.spi_flash_erase_sector
                0x0000000000000000       0x18 /ihoment/home/zhouhua/ESP8266/ESP8266_RTOS_SDK/zhouhua/build/bootloader/spi_flash/libspi_flash.a(spi_flash.o)
 .literal.spi_flash_read
                0x0000000000000000       0x24 /ihoment/home/zhouhua/ESP8266/ESP8266_RTOS_SDK/zhouhua/build/bootloader/spi_flash/libspi_flash.a(spi_flash.o)
 .literal.spi_flash_write
                0x0000000000000000       0x3c /ihoment/home/zhouhua/ESP8266/ESP8266_RTOS_SDK/zhouhua/build/bootloader/spi_flash/libspi_flash.a(spi_flash.o)
 .literal.spi_flash_erase_range
                0x0000000000000000       0x10 /ihoment/home/zhouhua/ESP8266/ESP8266_RTOS_SDK/zhouhua/build/bootloader/spi_flash/libspi_flash.a(spi_flash.o)
 .literal.spi_flash_cache2phys
                0x0000000000000000       0x14 /ihoment/home/zhouhua/ESP8266/ESP8266_RTOS_SDK/zhouhua/build/bootloader/spi_flash/libspi_flash.a(spi_flash.o)
 .text          0x0000000000000000        0x0 /ihoment/home/zhouhua/ESP8266/ESP8266_RTOS_SDK/zhouhua/build/bootloader/spi_flash/libspi_flash.a(spi_flash.o)
 .data          0x0000000000000000        0x0 /ihoment/home/zhouhua/ESP8266/ESP8266_RTOS_SDK/zhouhua/build/bootloader/spi_flash/libspi_flash.a(spi_flash.o)
 .bss           0x0000000000000000        0x0 /ihoment/home/zhouhua/ESP8266/ESP8266_RTOS_SDK/zhouhua/build/bootloader/spi_flash/libspi_flash.a(spi_flash.o)
 .text.spi_flash_program
                0x0000000000000000       0xd1 /ihoment/home/zhouhua/ESP8266/ESP8266_RTOS_SDK/zhouhua/build/bootloader/spi_flash/libspi_flash.a(spi_flash.o)
 .text.__spi_flash_write
                0x0000000000000000       0x23 /ihoment/home/zhouhua/ESP8266/ESP8266_RTOS_SDK/zhouhua/build/bootloader/spi_flash/libspi_flash.a(spi_flash.o)
 .text.__spi_flash_read
                0x0000000000000000       0x3a /ihoment/home/zhouhua/ESP8266/ESP8266_RTOS_SDK/zhouhua/build/bootloader/spi_flash/libspi_flash.a(spi_flash.o)
 .text.spi_flash_write_status
                0x0000000000000000       0x2a /ihoment/home/zhouhua/ESP8266/ESP8266_RTOS_SDK/zhouhua/build/bootloader/spi_flash/libspi_flash.a(spi_flash.o)
 .text.spi_flash_check_wr_protect
                0x0000000000000000      0x161 /ihoment/home/zhouhua/ESP8266/ESP8266_RTOS_SDK/zhouhua/build/bootloader/spi_flash/libspi_flash.a(spi_flash.o)
 .text.spi_flash_erase_sector
                0x0000000000000000       0x55 /ihoment/home/zhouhua/ESP8266/ESP8266_RTOS_SDK/zhouhua/build/bootloader/spi_flash/libspi_flash.a(spi_flash.o)
 .text.spi_flash_read
                0x0000000000000000      0x100 /ihoment/home/zhouhua/ESP8266/ESP8266_RTOS_SDK/zhouhua/build/bootloader/spi_flash/libspi_flash.a(spi_flash.o)
 .text.spi_flash_write
                0x0000000000000000      0x170 /ihoment/home/zhouhua/ESP8266/ESP8266_RTOS_SDK/zhouhua/build/bootloader/spi_flash/libspi_flash.a(spi_flash.o)
 .text.spi_flash_erase_range
                0x0000000000000000       0x61 /ihoment/home/zhouhua/ESP8266/ESP8266_RTOS_SDK/zhouhua/build/bootloader/spi_flash/libspi_flash.a(spi_flash.o)
 .text.spi_flash_cache2phys
                0x0000000000000000       0x46 /ihoment/home/zhouhua/ESP8266/ESP8266_RTOS_SDK/zhouhua/build/bootloader/spi_flash/libspi_flash.a(spi_flash.o)
 .xt.lit        0x0000000000000000       0xc8 /ihoment/home/zhouhua/ESP8266/ESP8266_RTOS_SDK/zhouhua/build/bootloader/spi_flash/libspi_flash.a(spi_flash.o)
 .xt.prop       0x0000000000000000      0x888 /ihoment/home/zhouhua/ESP8266/ESP8266_RTOS_SDK/zhouhua/build/bootloader/spi_flash/libspi_flash.a(spi_flash.o)
 .literal.spi_flash_write_status_raw
                0x0000000000000000       0x1c /ihoment/home/zhouhua/ESP8266/ESP8266_RTOS_SDK/zhouhua/build/bootloader/spi_flash/libspi_flash.a(spi_flash_raw.o)
 .literal.spi_flash_erase_sector_raw
                0x0000000000000000       0x14 /ihoment/home/zhouhua/ESP8266/ESP8266_RTOS_SDK/zhouhua/build/bootloader/spi_flash/libspi_flash.a(spi_flash_raw.o)
 .literal.spi_flash_write_raw
                0x0000000000000000        0xc /ihoment/home/zhouhua/ESP8266/ESP8266_RTOS_SDK/zhouhua/build/bootloader/spi_flash/libspi_flash.a(spi_flash_raw.o)
 .literal.spi_flash_read_raw
                0x0000000000000000        0xc /ihoment/home/zhouhua/ESP8266/ESP8266_RTOS_SDK/zhouhua/build/bootloader/spi_flash/libspi_flash.a(spi_flash_raw.o)
 .text          0x0000000000000000        0x0 /ihoment/home/zhouhua/ESP8266/ESP8266_RTOS_SDK/zhouhua/build/bootloader/spi_flash/libspi_flash.a(spi_flash_raw.o)
 .data          0x0000000000000000        0x0 /ihoment/home/zhouhua/ESP8266/ESP8266_RTOS_SDK/zhouhua/build/bootloader/spi_flash/libspi_flash.a(spi_flash_raw.o)
 .bss           0x0000000000000000        0x0 /ihoment/home/zhouhua/ESP8266/ESP8266_RTOS_SDK/zhouhua/build/bootloader/spi_flash/libspi_flash.a(spi_flash_raw.o)
 .text.spi_flash_write_status_raw
                0x0000000000000000       0x56 /ihoment/home/zhouhua/ESP8266/ESP8266_RTOS_SDK/zhouhua/build/bootloader/spi_flash/libspi_flash.a(spi_flash_raw.o)
 .text.spi_flash_erase_sector_raw
                0x0000000000000000       0x55 /ihoment/home/zhouhua/ESP8266/ESP8266_RTOS_SDK/zhouhua/build/bootloader/spi_flash/libspi_flash.a(spi_flash_raw.o)
 .text.spi_flash_write_raw
                0x0000000000000000       0x43 /ihoment/home/zhouhua/ESP8266/ESP8266_RTOS_SDK/zhouhua/build/bootloader/spi_flash/libspi_flash.a(spi_flash_raw.o)
 .text.spi_flash_read_raw
                0x0000000000000000       0x43 /ihoment/home/zhouhua/ESP8266/ESP8266_RTOS_SDK/zhouhua/build/bootloader/spi_flash/libspi_flash.a(spi_flash_raw.o)
 .xt.lit        0x0000000000000000       0x58 /ihoment/home/zhouhua/ESP8266/ESP8266_RTOS_SDK/zhouhua/build/bootloader/spi_flash/libspi_flash.a(spi_flash_raw.o)
 .xt.prop       0x0000000000000000      0x318 /ihoment/home/zhouhua/ESP8266/ESP8266_RTOS_SDK/zhouhua/build/bootloader/spi_flash/libspi_flash.a(spi_flash_raw.o)
 .text          0x0000000000000000        0x0 /ihoment/home/zhouhua/ESP8266/ESP8266_RTOS_SDK/zhouhua/build/bootloader/log/liblog.a(log.o)
 .data          0x0000000000000000        0x0 /ihoment/home/zhouhua/ESP8266/ESP8266_RTOS_SDK/zhouhua/build/bootloader/log/liblog.a(log.o)
 .bss           0x0000000000000000        0x0 /ihoment/home/zhouhua/ESP8266/ESP8266_RTOS_SDK/zhouhua/build/bootloader/log/liblog.a(log.o)
 .xt.lit        0x0000000000000000       0x10 /ihoment/home/zhouhua/ESP8266/ESP8266_RTOS_SDK/zhouhua/build/bootloader/log/liblog.a(log.o)
 .xt.prop       0x0000000000000000       0x9c /ihoment/home/zhouhua/ESP8266/ESP8266_RTOS_SDK/zhouhua/build/bootloader/log/liblog.a(log.o)
 .text          0x0000000000000000        0x0 /ihoment/home/zhouhua/ESP8266/ESP8266_RTOS_SDK/zhouhua/build/bootloader/esp8266/libesp8266.a(ets_printf.o)
 .data          0x0000000000000000        0x0 /ihoment/home/zhouhua/ESP8266/ESP8266_RTOS_SDK/zhouhua/build/bootloader/esp8266/libesp8266.a(ets_printf.o)
 .bss           0x0000000000000000        0x0 /ihoment/home/zhouhua/ESP8266/ESP8266_RTOS_SDK/zhouhua/build/bootloader/esp8266/libesp8266.a(ets_printf.o)
 .xt.lit        0x0000000000000000       0x20 /ihoment/home/zhouhua/ESP8266/ESP8266_RTOS_SDK/zhouhua/build/bootloader/esp8266/libesp8266.a(ets_printf.o)
 .xt.prop       0x0000000000000000       0xd8 /ihoment/home/zhouhua/ESP8266/ESP8266_RTOS_SDK/zhouhua/build/bootloader/esp8266/libesp8266.a(ets_printf.o)
 .literal.crc16_le
                0x0000000000000000        0x4 /ihoment/home/zhouhua/ESP8266/ESP8266_RTOS_SDK/zhouhua/build/bootloader/util/libutil.a(crc.o)
 .literal.esp_crc8
                0x0000000000000000        0x4 /ihoment/home/zhouhua/ESP8266/ESP8266_RTOS_SDK/zhouhua/build/bootloader/util/libutil.a(crc.o)
 .text          0x0000000000000000        0x0 /ihoment/home/zhouhua/ESP8266/ESP8266_RTOS_SDK/zhouhua/build/bootloader/util/libutil.a(crc.o)
 .data          0x0000000000000000        0x0 /ihoment/home/zhouhua/ESP8266/ESP8266_RTOS_SDK/zhouhua/build/bootloader/util/libutil.a(crc.o)
 .bss           0x0000000000000000        0x0 /ihoment/home/zhouhua/ESP8266/ESP8266_RTOS_SDK/zhouhua/build/bootloader/util/libutil.a(crc.o)
 .text.crc16_le
                0x0000000000000000       0x36 /ihoment/home/zhouhua/ESP8266/ESP8266_RTOS_SDK/zhouhua/build/bootloader/util/libutil.a(crc.o)
 .text.esp_crc8
                0x0000000000000000       0x22 /ihoment/home/zhouhua/ESP8266/ESP8266_RTOS_SDK/zhouhua/build/bootloader/util/libutil.a(crc.o)
 .rodata.crc8_le_table
                0x0000000000000000      0x100 /ihoment/home/zhouhua/ESP8266/ESP8266_RTOS_SDK/zhouhua/build/bootloader/util/libutil.a(crc.o)
 .rodata.crc16_le_table
                0x0000000000000000      0x200 /ihoment/home/zhouhua/ESP8266/ESP8266_RTOS_SDK/zhouhua/build/bootloader/util/libutil.a(crc.o)
 .xt.lit        0x0000000000000000       0x18 /ihoment/home/zhouhua/ESP8266/ESP8266_RTOS_SDK/zhouhua/build/bootloader/util/libutil.a(crc.o)
 .xt.prop       0x0000000000000000       0xfc /ihoment/home/zhouhua/ESP8266/ESP8266_RTOS_SDK/zhouhua/build/bootloader/util/libutil.a(crc.o)
 .literal.phy_reg_default
                0x0000000000000000        0x0 /ihoment/home/zhouhua/ESP8266/ESP8266_RTOS_SDK/components/esp8266/lib/libcore.a(phy.o)
 .text          0x0000000000000000        0x0 /ihoment/home/zhouhua/ESP8266/ESP8266_RTOS_SDK/components/esp8266/lib/libcore.a(phy.o)
 .data          0x0000000000000000        0x0 /ihoment/home/zhouhua/ESP8266/ESP8266_RTOS_SDK/components/esp8266/lib/libcore.a(phy.o)
 .bss           0x0000000000000000        0x0 /ihoment/home/zhouhua/ESP8266/ESP8266_RTOS_SDK/components/esp8266/lib/libcore.a(phy.o)
 .xt.lit        0x0000000000000000        0x8 /ihoment/home/zhouhua/ESP8266/ESP8266_RTOS_SDK/components/esp8266/lib/libcore.a(phy.o)
 .xt.prop       0x0000000000000000       0x48 /ihoment/home/zhouhua/ESP8266/ESP8266_RTOS_SDK/components/esp8266/lib/libcore.a(phy.o)
 .literal.uart_buff_switch
                0x0000000000000000        0x0 /ihoment/home/zhouhua/ESP8266/ESP8266_RTOS_SDK/components/esp8266/lib/libcore.a(uart.o)
 .literal.uart_div_modify
                0x0000000000000000        0x0 /ihoment/home/zhouhua/ESP8266/ESP8266_RTOS_SDK/components/esp8266/lib/libcore.a(uart.o)
 .literal.Uart_Init
                0x0000000000000000        0x0 /ihoment/home/zhouhua/ESP8266/ESP8266_RTOS_SDK/components/esp8266/lib/libcore.a(uart.o)
 .text          0x0000000000000000        0x0 /ihoment/home/zhouhua/ESP8266/ESP8266_RTOS_SDK/components/esp8266/lib/libcore.a(uart.o)
 .data          0x0000000000000000        0x0 /ihoment/home/zhouhua/ESP8266/ESP8266_RTOS_SDK/components/esp8266/lib/libcore.a(uart.o)
 .bss           0x0000000000000000        0x0 /ihoment/home/zhouhua/ESP8266/ESP8266_RTOS_SDK/components/esp8266/lib/libcore.a(uart.o)
 .text.uart_buff_switch
                0x0000000000000000        0x2 /ihoment/home/zhouhua/ESP8266/ESP8266_RTOS_SDK/components/esp8266/lib/libcore.a(uart.o)
 .text.Uart_Init
                0x0000000000000000        0x2 /ihoment/home/zhouhua/ESP8266/ESP8266_RTOS_SDK/components/esp8266/lib/libcore.a(uart.o)
 .xt.lit        0x0000000000000000        0x8 /ihoment/home/zhouhua/ESP8266/ESP8266_RTOS_SDK/components/esp8266/lib/libcore.a(uart.o)
 .xt.prop       0x0000000000000000       0x78 /ihoment/home/zhouhua/ESP8266/ESP8266_RTOS_SDK/components/esp8266/lib/libcore.a(uart.o)

Memory Configuration

Name             Origin             Length             Attributes
dport0_seg       0x000000003ff00000 0x0000000000000010
dram_seg         0x000000003ffe8000 0x0000000000017c00
iram_seg         0x0000000040100000 0x0000000000008000
*default*        0x0000000000000000 0xffffffffffffffff

Linker script and memory map

START GROUP
LOAD /ihoment/home/zhouhua/ESP8266/ESP8266_RTOS_SDK/zhouhua/build/bootloader/main/libmain.a
LOAD /ihoment/home/zhouhua/ESP8266/ESP8266_RTOS_SDK/components/esp8266/lib/libcore.a
LOAD /ihoment/home/zhouhua/ESP8266/ESP8266_RTOS_SDK/zhouhua/build/bootloader/bootloader_support/libbootloader_support.a
LOAD /ihoment/home/zhouhua/ESP8266/ESP8266_RTOS_SDK/zhouhua/build/bootloader/spi_flash/libspi_flash.a
LOAD /ihoment/home/zhouhua/ESP8266/ESP8266_RTOS_SDK/zhouhua/build/bootloader/log/liblog.a
LOAD /ihoment/home/zhouhua/ESP8266/ESP8266_RTOS_SDK/zhouhua/build/bootloader/esp8266/libesp8266.a
LOAD /ihoment/home/zhouhua/ESP8266/ESP8266_RTOS_SDK/zhouhua/build/bootloader/util/libutil.a
LOAD /ihoment/home/zhouhua/ESP8266/ESP8266_RTOS_SDK/components/esp8266/lib/libgcc.a
LOAD /ihoment/home/zhouhua/ESP8266/xtensa-lx106-elf/bin/../lib/gcc/xtensa-lx106-elf/4.8.5/../../../../xtensa-lx106-elf/lib/libstdc++.a
LOAD /ihoment/home/zhouhua/ESP8266/xtensa-lx106-elf/bin/../lib/gcc/xtensa-lx106-elf/4.8.5/libgcov.a
END GROUP

.text           0x0000000040100000     0x1bb6
                0x0000000040100000                _stext = .
                0x0000000040100000                _text_start = ABSOLUTE (.)
                0x0000000040100000                . = ALIGN (0x10)
 *(.entry.text)
 *(.init.literal)
 *(.init)
 *(.literal .text .literal.* .text.* .stub .gnu.warning .gnu.linkonce.literal.* .gnu.linkonce.t.*.literal .gnu.linkonce.t.*)
 .literal.selected_boot_partition
                0x0000000040100000        0x0 /ihoment/home/zhouhua/ESP8266/ESP8266_RTOS_SDK/zhouhua/build/bootloader/main/libmain.a(bootloader_start.o)
                                          0x4 (size before relaxing)
 .literal.select_image
                0x0000000040100000        0xc /ihoment/home/zhouhua/ESP8266/ESP8266_RTOS_SDK/zhouhua/build/bootloader/main/libmain.a(bootloader_start.o)
                                         0x1c (size before relaxing)
 .literal.call_start_cpu
                0x000000004010000c        0x0 /ihoment/home/zhouhua/ESP8266/ESP8266_RTOS_SDK/zhouhua/build/bootloader/main/libmain.a(bootloader_start.o)
                                          0xc (size before relaxing)
 .literal.print_flash_info
                0x000000004010000c       0x48 /ihoment/home/zhouhua/ESP8266/ESP8266_RTOS_SDK/zhouhua/build/bootloader/bootloader_support/libbootloader_support.a(bootloader_init.o)
                                         0x54 (size before relaxing)
 .literal.uart_console_configure
                0x0000000040100054        0x0 /ihoment/home/zhouhua/ESP8266/ESP8266_RTOS_SDK/zhouhua/build/bootloader/bootloader_support/libbootloader_support.a(bootloader_init.o)
                                          0x4 (size before relaxing)
 .literal.update_flash_config
                0x0000000040100054        0x4 /ihoment/home/zhouhua/ESP8266/ESP8266_RTOS_SDK/zhouhua/build/bootloader/bootloader_support/libbootloader_support.a(bootloader_init.o)
                                          0x8 (size before relaxing)
 .literal.bootloader_main
                0x0000000040100058       0x10 /ihoment/home/zhouhua/ESP8266/ESP8266_RTOS_SDK/zhouhua/build/bootloader/bootloader_support/libbootloader_support.a(bootloader_init.o)
                                         0x34 (size before relaxing)
 .literal.bootloader_init
                0x0000000040100068        0x8 /ihoment/home/zhouhua/ESP8266/ESP8266_RTOS_SDK/zhouhua/build/bootloader/bootloader_support/libbootloader_support.a(bootloader_init.o)
                                         0x10 (size before relaxing)
 .literal.log_invalid_app_partition
                0x0000000040100070       0x14 /ihoment/home/zhouhua/ESP8266/ESP8266_RTOS_SDK/zhouhua/build/bootloader/bootloader_support/libbootloader_support.a(bootloader_utility.o)
                                         0x20 (size before relaxing)
 .literal.try_load_partition
                0x0000000040100084        0x4 /ihoment/home/zhouhua/ESP8266/ESP8266_RTOS_SDK/zhouhua/build/bootloader/bootloader_support/libbootloader_support.a(bootloader_utility.o)
                                         0x10 (size before relaxing)
 .literal.bootloader_utility_load_partition_table
                0x0000000040100088       0x48 /ihoment/home/zhouhua/ESP8266/ESP8266_RTOS_SDK/zhouhua/build/bootloader/bootloader_support/libbootloader_support.a(bootloader_utility.o)
                                         0x70 (size before relaxing)
 .literal.bootloader_utility_get_selected_boot_partition
                0x00000000401000d0       0x1c /ihoment/home/zhouhua/ESP8266/ESP8266_RTOS_SDK/zhouhua/build/bootloader/bootloader_support/libbootloader_support.a(bootloader_utility.o)
                                         0x5c (size before relaxing)
 .literal.bootloader_utility_load_boot_image
                0x00000000401000ec        0xc /ihoment/home/zhouhua/ESP8266/ESP8266_RTOS_SDK/zhouhua/build/bootloader/bootloader_support/libbootloader_support.a(bootloader_utility.o)
                                         0x40 (size before relaxing)
 .literal.bootloader_utility_load_image
                0x00000000401000f8       0x14 /ihoment/home/zhouhua/ESP8266/ESP8266_RTOS_SDK/zhouhua/build/bootloader/bootloader_support/libbootloader_support.a(bootloader_utility.o)
                                         0x1c (size before relaxing)
 .literal.bootloader_flash_read_no_decrypt
                0x000000004010010c        0x4 /ihoment/home/zhouhua/ESP8266/ESP8266_RTOS_SDK/zhouhua/build/bootloader/bootloader_support/libbootloader_support.a(bootloader_flash.o)
 .literal.bootloader_mmap
                0x0000000040100110       0x10 /ihoment/home/zhouhua/ESP8266/ESP8266_RTOS_SDK/zhouhua/build/bootloader/bootloader_support/libbootloader_support.a(bootloader_flash.o)
                                         0x28 (size before relaxing)
 .literal.bootloader_munmap
                0x0000000040100120        0x0 /ihoment/home/zhouhua/ESP8266/ESP8266_RTOS_SDK/zhouhua/build/bootloader/bootloader_support/libbootloader_support.a(bootloader_flash.o)
                                          0x8 (size before relaxing)
 .literal.bootloader_flash_read
                0x0000000040100120        0xc /ihoment/home/zhouhua/ESP8266/ESP8266_RTOS_SDK/zhouhua/build/bootloader/bootloader_support/libbootloader_support.a(bootloader_flash.o)
                                         0x20 (size before relaxing)
 .literal.bootloader_common_ota_select_crc
                0x000000004010012c        0x0 /ihoment/home/zhouhua/ESP8266/ESP8266_RTOS_SDK/zhouhua/build/bootloader/bootloader_support/libbootloader_support.a(bootloader_common.o)
                                          0x4 (size before relaxing)
 .literal.bootloader_common_ota_select_valid
                0x000000004010012c        0x0 /ihoment/home/zhouhua/ESP8266/ESP8266_RTOS_SDK/zhouhua/build/bootloader/bootloader_support/libbootloader_support.a(bootloader_common.o)
                                          0x4 (size before relaxing)
 .literal.esp_partition_table_basic_verify
                0x000000004010012c       0x1c /ihoment/home/zhouhua/ESP8266/ESP8266_RTOS_SDK/zhouhua/build/bootloader/bootloader_support/libbootloader_support.a(flash_partitions.o)
                                         0x2c (size before relaxing)
 .literal.should_map
                0x0000000040100148        0x4 /ihoment/home/zhouhua/ESP8266/ESP8266_RTOS_SDK/zhouhua/build/bootloader/bootloader_support/libbootloader_support.a(esp_image_format.o)
                                          0x8 (size before relaxing)
 .literal.should_load
                0x000000004010014c        0x0 /ihoment/home/zhouhua/ESP8266/ESP8266_RTOS_SDK/zhouhua/build/bootloader/bootloader_support/libbootloader_support.a(esp_image_format.o)
                                          0x4 (size before relaxing)
 .literal.verify_image_header
                0x000000004010014c       0x14 /ihoment/home/zhouhua/ESP8266/ESP8266_RTOS_SDK/zhouhua/build/bootloader/bootloader_support/libbootloader_support.a(esp_image_format.o)
                                         0x20 (size before relaxing)
 .literal.process_segment_data
                0x0000000040100160        0x8 /ihoment/home/zhouhua/ESP8266/ESP8266_RTOS_SDK/zhouhua/build/bootloader/bootloader_support/libbootloader_support.a(esp_image_format.o)
                                         0x14 (size before relaxing)
 .literal.verify_checksum
                0x0000000040100168        0x8 /ihoment/home/zhouhua/ESP8266/ESP8266_RTOS_SDK/zhouhua/build/bootloader/bootloader_support/libbootloader_support.a(esp_image_format.o)
                                         0x1c (size before relaxing)
 .literal.process_segment
                0x0000000040100170       0x18 /ihoment/home/zhouhua/ESP8266/ESP8266_RTOS_SDK/zhouhua/build/bootloader/bootloader_support/libbootloader_support.a(esp_image_format.o)
                                         0x40 (size before relaxing)
 .literal.esp_image_load
                0x0000000040100188       0x14 /ihoment/home/zhouhua/ESP8266/ESP8266_RTOS_SDK/zhouhua/build/bootloader/bootloader_support/libbootloader_support.a(esp_image_format.o)
                                         0x44 (size before relaxing)
 .literal.spi_user_cmd
                0x000000004010019c        0x4 /ihoment/home/zhouhua/ESP8266/ESP8266_RTOS_SDK/zhouhua/build/bootloader/spi_flash/libspi_flash.a(spi_flash.o)
                                          0xc (size before relaxing)
 .literal.special_flash_read_status
                0x00000000401001a0        0x0 /ihoment/home/zhouhua/ESP8266/ESP8266_RTOS_SDK/zhouhua/build/bootloader/spi_flash/libspi_flash.a(spi_flash.o)
                                          0x4 (size before relaxing)
 .literal.flash_gd25q32c_read_status
                0x00000000401001a0        0x0 /ihoment/home/zhouhua/ESP8266/ESP8266_RTOS_SDK/zhouhua/build/bootloader/spi_flash/libspi_flash.a(spi_flash.o)
                                          0x4 (size before relaxing)
 .literal.special_flash_write_status
                0x00000000401001a0        0x0 /ihoment/home/zhouhua/ESP8266/ESP8266_RTOS_SDK/zhouhua/build/bootloader/spi_flash/libspi_flash.a(spi_flash.o)
                                          0x8 (size before relaxing)
 .literal.spi_flash_enable_qio_bit6
                0x00000000401001a0        0x0 /ihoment/home/zhouhua/ESP8266/ESP8266_RTOS_SDK/zhouhua/build/bootloader/spi_flash/libspi_flash.a(spi_flash.o)
                                          0x4 (size before relaxing)
 .literal.flash_gd25q32c_write_status
                0x00000000401001a0        0x0 /ihoment/home/zhouhua/ESP8266/ESP8266_RTOS_SDK/zhouhua/build/bootloader/spi_flash/libspi_flash.a(spi_flash.o)
                                          0x4 (size before relaxing)
 .literal.flash_gd25q32c_enable_QIO_mode
                0x00000000401001a0        0x0 /ihoment/home/zhouhua/ESP8266/ESP8266_RTOS_SDK/zhouhua/build/bootloader/spi_flash/libspi_flash.a(spi_flash.o)
                                          0xc (size before relaxing)
 .literal.en25q16x_read_sfdp
                0x00000000401001a0        0x4 /ihoment/home/zhouhua/ESP8266/ESP8266_RTOS_SDK/zhouhua/build/bootloader/spi_flash/libspi_flash.a(spi_flash.o)
                                          0x8 (size before relaxing)
 .literal.spi_flash_get_id
                0x00000000401001a4        0x0 /ihoment/home/zhouhua/ESP8266/ESP8266_RTOS_SDK/zhouhua/build/bootloader/spi_flash/libspi_flash.a(spi_flash.o)
                                          0xc (size before relaxing)
 .literal.spi_flash_read_status
                0x00000000401001a4        0x0 /ihoment/home/zhouhua/ESP8266/ESP8266_RTOS_SDK/zhouhua/build/bootloader/spi_flash/libspi_flash.a(spi_flash.o)
                                          0xc (size before relaxing)
 .literal.spi_flash_issi_enable_QIO_mode
                0x00000000401001a4        0x0 /ihoment/home/zhouhua/ESP8266/ESP8266_RTOS_SDK/zhouhua/build/bootloader/spi_flash/libspi_flash.a(spi_flash.o)
                                          0xc (size before relaxing)
 .literal.special_flash_set_mode
                0x00000000401001a4        0x0 /ihoment/home/zhouhua/ESP8266/ESP8266_RTOS_SDK/zhouhua/build/bootloader/spi_flash/libspi_flash.a(spi_flash.o)
                                          0x8 (size before relaxing)
 .literal.en25q16x_write_volatile_status
                0x00000000401001a4        0x0 /ihoment/home/zhouhua/ESP8266/ESP8266_RTOS_SDK/zhouhua/build/bootloader/spi_flash/libspi_flash.a(spi_flash.o)
                                         0x14 (size before relaxing)
 .literal.user_spi_flash_dio_to_qio_pre_init
                0x00000000401001a4       0x10 /ihoment/home/zhouhua/ESP8266/ESP8266_RTOS_SDK/zhouhua/build/bootloader/spi_flash/libspi_flash.a(spi_flash.o)
                                         0x34 (size before relaxing)
 .literal.esp_spi_flash_init
                0x00000000401001b4       0x20 /ihoment/home/zhouhua/ESP8266/ESP8266_RTOS_SDK/zhouhua/build/bootloader/spi_flash/libspi_flash.a(spi_flash.o)
                                         0x28 (size before relaxing)
 .literal.Cache_Read_Disable_2
                0x00000000401001d4        0xc /ihoment/home/zhouhua/ESP8266/ESP8266_RTOS_SDK/zhouhua/build/bootloader/spi_flash/libspi_flash.a(spi_flash_raw.o)
                                         0x10 (size before relaxing)
 .literal.Cache_Read_Enable_2
                0x00000000401001e0        0x4 /ihoment/home/zhouhua/ESP8266/ESP8266_RTOS_SDK/zhouhua/build/bootloader/spi_flash/libspi_flash.a(spi_flash_raw.o)
                                          0xc (size before relaxing)
 .literal.spi_flash_get_id_raw
                0x00000000401001e4       0x10 /ihoment/home/zhouhua/ESP8266/ESP8266_RTOS_SDK/zhouhua/build/bootloader/spi_flash/libspi_flash.a(spi_flash_raw.o)
                                         0x1c (size before relaxing)
 .literal.spi_flash_read_status_raw
                0x00000000401001f4        0x4 /ihoment/home/zhouhua/ESP8266/ESP8266_RTOS_SDK/zhouhua/build/bootloader/spi_flash/libspi_flash.a(spi_flash_raw.o)
                                          0xc (size before relaxing)
 .literal.spi_flash_enable_qmode_raw
                0x00000000401001f8        0x4 /ihoment/home/zhouhua/ESP8266/ESP8266_RTOS_SDK/zhouhua/build/bootloader/spi_flash/libspi_flash.a(spi_flash_raw.o)
                                         0x10 (size before relaxing)
 .literal.spi_user_cmd_raw
                0x00000000401001fc       0x64 /ihoment/home/zhouhua/ESP8266/ESP8266_RTOS_SDK/zhouhua/build/bootloader/spi_flash/libspi_flash.a(spi_flash_raw.o)
                                         0x8c (size before relaxing)
 .literal.spi_flash_switch_to_qio_raw
                0x0000000040100260        0x8 /ihoment/home/zhouhua/ESP8266/ESP8266_RTOS_SDK/zhouhua/build/bootloader/spi_flash/libspi_flash.a(spi_flash_raw.o)
                                          0xc (size before relaxing)
 .literal.uart_putc
                0x0000000040100268        0xc /ihoment/home/zhouhua/ESP8266/ESP8266_RTOS_SDK/zhouhua/build/bootloader/esp8266/libesp8266.a(ets_printf.o)
 .literal.ets_putc
                0x0000000040100274        0x0 /ihoment/home/zhouhua/ESP8266/ESP8266_RTOS_SDK/zhouhua/build/bootloader/esp8266/libesp8266.a(ets_printf.o)
                                          0x8 (size before relaxing)
 .literal.ets_vprintf
                0x0000000040100274        0x8 /ihoment/home/zhouhua/ESP8266/ESP8266_RTOS_SDK/zhouhua/build/bootloader/esp8266/libesp8266.a(ets_printf.o)
 .literal.ets_printf
                0x000000004010027c        0x0 /ihoment/home/zhouhua/ESP8266/ESP8266_RTOS_SDK/zhouhua/build/bootloader/esp8266/libesp8266.a(ets_printf.o)
                                          0x4 (size before relaxing)
 .literal.crc32_le
                0x000000004010027c        0x4 /ihoment/home/zhouhua/ESP8266/ESP8266_RTOS_SDK/zhouhua/build/bootloader/util/libutil.a(crc.o)
 .iram1.0.literal
                0x0000000040100280        0xc /ihoment/home/zhouhua/ESP8266/ESP8266_RTOS_SDK/zhouhua/build/bootloader/log/liblog.a(log.o)
 .iram1.1.literal
                0x000000004010028c       0x18 /ihoment/home/zhouhua/ESP8266/ESP8266_RTOS_SDK/zhouhua/build/bootloader/log/liblog.a(log.o)
                                         0x30 (size before relaxing)
 .text.selected_boot_partition
                0x00000000401002a4        0xf /ihoment/home/zhouhua/ESP8266/ESP8266_RTOS_SDK/zhouhua/build/bootloader/main/libmain.a(bootloader_start.o)
                                         0x13 (size before relaxing)
 *fill*         0x00000000401002b3        0x1 
 .text.select_image
                0x00000000401002b4       0x67 /ihoment/home/zhouhua/ESP8266/ESP8266_RTOS_SDK/zhouhua/build/bootloader/main/libmain.a(bootloader_start.o)
                                         0x6f (size before relaxing)
 *fill*         0x000000004010031b        0x1 
 .text.call_start_cpu
                0x000000004010031c       0x26 /ihoment/home/zhouhua/ESP8266/ESP8266_RTOS_SDK/zhouhua/build/bootloader/main/libmain.a(bootloader_start.o)
                                         0x2e (size before relaxing)
                0x000000004010031c                call_start_cpu
 *fill*         0x0000000040100342        0x2 
 .text.print_flash_info
                0x0000000040100344       0xb2 /ihoment/home/zhouhua/ESP8266/ESP8266_RTOS_SDK/zhouhua/build/bootloader/bootloader_support/libbootloader_support.a(bootloader_init.o)
                                         0xb6 (size before relaxing)
 *fill*         0x00000000401003f6        0x2 
 .text.uart_console_configure
                0x00000000401003f8       0x17 /ihoment/home/zhouhua/ESP8266/ESP8266_RTOS_SDK/zhouhua/build/bootloader/bootloader_support/libbootloader_support.a(bootloader_init.o)
 *fill*         0x000000004010040f        0x1 
 .text.update_flash_config
                0x0000000040100410       0x21 /ihoment/home/zhouhua/ESP8266/ESP8266_RTOS_SDK/zhouhua/build/bootloader/bootloader_support/libbootloader_support.a(bootloader_init.o)
                                         0x25 (size before relaxing)
 *fill*         0x0000000040100431        0x3 
 .text.bootloader_main
                0x0000000040100434       0x63 /ihoment/home/zhouhua/ESP8266/ESP8266_RTOS_SDK/zhouhua/build/bootloader/bootloader_support/libbootloader_support.a(bootloader_init.o)
                                         0x77 (size before relaxing)
 *fill*         0x0000000040100497        0x1 
 .text.bootloader_init
                0x0000000040100498       0x32 /ihoment/home/zhouhua/ESP8266/ESP8266_RTOS_SDK/zhouhua/build/bootloader/bootloader_support/libbootloader_support.a(bootloader_init.o)
                0x0000000040100498                bootloader_init
 *fill*         0x00000000401004ca        0x2 
 .text.log_invalid_app_partition
                0x00000000401004cc       0x50 /ihoment/home/zhouhua/ESP8266/ESP8266_RTOS_SDK/zhouhua/build/bootloader/bootloader_support/libbootloader_support.a(bootloader_utility.o)
 .text.try_load_partition
                0x000000004010051c       0x3b /ihoment/home/zhouhua/ESP8266/ESP8266_RTOS_SDK/zhouhua/build/bootloader/bootloader_support/libbootloader_support.a(bootloader_utility.o)
                                         0x3f (size before relaxing)
 *fill*         0x0000000040100557        0x1 
 .text.bootloader_utility_load_partition_table
                0x0000000040100558      0x160 /ihoment/home/zhouhua/ESP8266/ESP8266_RTOS_SDK/zhouhua/build/bootloader/bootloader_support/libbootloader_support.a(bootloader_utility.o)
                                        0x174 (size before relaxing)
                0x0000000040100558                bootloader_utility_load_partition_table
 .text.bootloader_utility_get_selected_boot_partition
                0x00000000401006b8      0x142 /ihoment/home/zhouhua/ESP8266/ESP8266_RTOS_SDK/zhouhua/build/bootloader/bootloader_support/libbootloader_support.a(bootloader_utility.o)
                                        0x156 (size before relaxing)
                0x00000000401006b8                bootloader_utility_get_selected_boot_partition
 *fill*         0x00000000401007fa        0x2 
 .text.bootloader_utility_load_boot_image
                0x00000000401007fc       0xd5 /ihoment/home/zhouhua/ESP8266/ESP8266_RTOS_SDK/zhouhua/build/bootloader/bootloader_support/libbootloader_support.a(bootloader_utility.o)
                                         0xf5 (size before relaxing)
                0x00000000401007fc                bootloader_utility_load_boot_image
 *fill*         0x00000000401008d1        0x3 
 .text.bootloader_utility_load_image
                0x00000000401008d4       0x69 /ihoment/home/zhouhua/ESP8266/ESP8266_RTOS_SDK/zhouhua/build/bootloader/bootloader_support/libbootloader_support.a(bootloader_utility.o)
                0x00000000401008d4                bootloader_utility_load_image
 *fill*         0x000000004010093d        0x3 
 .text.bootloader_flash_read_no_decrypt
                0x0000000040100940       0x15 /ihoment/home/zhouhua/ESP8266/ESP8266_RTOS_SDK/zhouhua/build/bootloader/bootloader_support/libbootloader_support.a(bootloader_flash.o)
 *fill*         0x0000000040100955        0x3 
 .text.bootloader_mmap
                0x0000000040100958       0x63 /ihoment/home/zhouhua/ESP8266/ESP8266_RTOS_SDK/zhouhua/build/bootloader/bootloader_support/libbootloader_support.a(bootloader_flash.o)
                                         0x67 (size before relaxing)
                0x0000000040100958                bootloader_mmap
 *fill*         0x00000000401009bb        0x1 
 .text.bootloader_munmap
                0x00000000401009bc       0x23 /ihoment/home/zhouhua/ESP8266/ESP8266_RTOS_SDK/zhouhua/build/bootloader/bootloader_support/libbootloader_support.a(bootloader_flash.o)
                0x00000000401009bc                bootloader_munmap
 *fill*         0x00000000401009df        0x1 
 .text.bootloader_flash_read
                0x00000000401009e0       0x68 /ihoment/home/zhouhua/ESP8266/ESP8266_RTOS_SDK/zhouhua/build/bootloader/bootloader_support/libbootloader_support.a(bootloader_flash.o)
                0x00000000401009e0                bootloader_flash_read
 .text.bootloader_common_ota_select_crc
                0x0000000040100a48       0x18 /ihoment/home/zhouhua/ESP8266/ESP8266_RTOS_SDK/zhouhua/build/bootloader/bootloader_support/libbootloader_support.a(bootloader_common.o)
                0x0000000040100a48                bootloader_common_ota_select_crc
 .text.bootloader_common_ota_select_valid
                0x0000000040100a60       0x2b /ihoment/home/zhouhua/ESP8266/ESP8266_RTOS_SDK/zhouhua/build/bootloader/bootloader_support/libbootloader_support.a(bootloader_common.o)
                                         0x2f (size before relaxing)
                0x0000000040100a60                bootloader_common_ota_select_valid
 *fill*         0x0000000040100a8b        0x1 
 .text.esp_partition_table_basic_verify
                0x0000000040100a8c       0xdc /ihoment/home/zhouhua/ESP8266/ESP8266_RTOS_SDK/zhouhua/build/bootloader/bootloader_support/libbootloader_support.a(flash_partitions.o)
                                         0xe0 (size before relaxing)
                0x0000000040100a8c                esp_partition_table_basic_verify
 .text.should_map
                0x0000000040100b68       0x15 /ihoment/home/zhouhua/ESP8266/ESP8266_RTOS_SDK/zhouhua/build/bootloader/bootloader_support/libbootloader_support.a(esp_image_format.o)
 *fill*         0x0000000040100b7d        0x3 
 .text.should_load
                0x0000000040100b80       0x18 /ihoment/home/zhouhua/ESP8266/ESP8266_RTOS_SDK/zhouhua/build/bootloader/bootloader_support/libbootloader_support.a(esp_image_format.o)
                                         0x1c (size before relaxing)
 .text.verify_image_header
                0x0000000040100b98       0x75 /ihoment/home/zhouhua/ESP8266/ESP8266_RTOS_SDK/zhouhua/build/bootloader/bootloader_support/libbootloader_support.a(esp_image_format.o)
                                         0x7d (size before relaxing)
 *fill*         0x0000000040100c0d        0x3 
 .text.process_segment_data
                0x0000000040100c10       0x87 /ihoment/home/zhouhua/ESP8266/ESP8266_RTOS_SDK/zhouhua/build/bootloader/bootloader_support/libbootloader_support.a(esp_image_format.o)
                                         0x8f (size before relaxing)
 *fill*         0x0000000040100c97        0x1 
 .text.verify_checksum
                0x0000000040100c98       0x94 /ihoment/home/zhouhua/ESP8266/ESP8266_RTOS_SDK/zhouhua/build/bootloader/bootloader_support/libbootloader_support.a(esp_image_format.o)
                                         0x9c (size before relaxing)
 .text.process_segment
                0x0000000040100d2c      0x101 /ihoment/home/zhouhua/ESP8266/ESP8266_RTOS_SDK/zhouhua/build/bootloader/bootloader_support/libbootloader_support.a(esp_image_format.o)
                                        0x10d (size before relaxing)
 *fill*         0x0000000040100e2d        0x3 
 .text.esp_image_load
                0x0000000040100e30      0x18a /ihoment/home/zhouhua/ESP8266/ESP8266_RTOS_SDK/zhouhua/build/bootloader/bootloader_support/libbootloader_support.a(esp_image_format.o)
                                        0x19e (size before relaxing)
                0x0000000040100e30                esp_image_load
 *fill*         0x0000000040100fba        0x2 
 .text.spi_user_cmd
                0x0000000040100fbc       0x4d /ihoment/home/zhouhua/ESP8266/ESP8266_RTOS_SDK/zhouhua/build/bootloader/spi_flash/libspi_flash.a(spi_flash.o)
                0x0000000040100fbc                spi_user_cmd
 *fill*         0x0000000040101009        0x3 
 .text.special_flash_read_status
                0x000000004010100c       0x37 /ihoment/home/zhouhua/ESP8266/ESP8266_RTOS_SDK/zhouhua/build/bootloader/spi_flash/libspi_flash.a(spi_flash.o)
                0x000000004010100c                special_flash_read_status
 *fill*         0x0000000040101043        0x1 
 .text.flash_gd25q32c_read_status
                0x0000000040101044       0x2e /ihoment/home/zhouhua/ESP8266/ESP8266_RTOS_SDK/zhouhua/build/bootloader/spi_flash/libspi_flash.a(spi_flash.o)
                                         0x32 (size before relaxing)
 *fill*         0x0000000040101072        0x2 
 .text.special_flash_write_status
                0x0000000040101074       0x59 /ihoment/home/zhouhua/ESP8266/ESP8266_RTOS_SDK/zhouhua/build/bootloader/spi_flash/libspi_flash.a(spi_flash.o)
                0x0000000040101074                special_flash_write_status
 *fill*         0x00000000401010cd        0x3 
 .text.spi_flash_enable_qio_bit6
                0x00000000401010d0       0x17 /ihoment/home/zhouhua/ESP8266/ESP8266_RTOS_SDK/zhouhua/build/bootloader/spi_flash/libspi_flash.a(spi_flash.o)
                                         0x1b (size before relaxing)
 *fill*         0x00000000401010e7        0x1 
 .text.flash_gd25q32c_write_status
                0x00000000401010e8       0x2f /ihoment/home/zhouhua/ESP8266/ESP8266_RTOS_SDK/zhouhua/build/bootloader/spi_flash/libspi_flash.a(spi_flash.o)
 *fill*         0x0000000040101117        0x1 
 .text.flash_gd25q32c_enable_QIO_mode
                0x0000000040101118       0x39 /ihoment/home/zhouhua/ESP8266/ESP8266_RTOS_SDK/zhouhua/build/bootloader/spi_flash/libspi_flash.a(spi_flash.o)
                                         0x41 (size before relaxing)
 *fill*         0x0000000040101151        0x3 
 .text.en25q16x_read_sfdp
                0x0000000040101154       0x43 /ihoment/home/zhouhua/ESP8266/ESP8266_RTOS_SDK/zhouhua/build/bootloader/spi_flash/libspi_flash.a(spi_flash.o)
                0x0000000040101154                en25q16x_read_sfdp
 *fill*         0x0000000040101197        0x1 
 .text.spi_flash_get_id
                0x0000000040101198       0x26 /ihoment/home/zhouhua/ESP8266/ESP8266_RTOS_SDK/zhouhua/build/bootloader/spi_flash/libspi_flash.a(spi_flash.o)
                0x0000000040101198                spi_flash_get_id
 *fill*         0x00000000401011be        0x2 
 .text.spi_flash_read_status
                0x00000000401011c0       0x28 /ihoment/home/zhouhua/ESP8266/ESP8266_RTOS_SDK/zhouhua/build/bootloader/spi_flash/libspi_flash.a(spi_flash.o)
                0x00000000401011c0                spi_flash_read_status
 .text.spi_flash_issi_enable_QIO_mode
                0x00000000401011e8       0x42 /ihoment/home/zhouhua/ESP8266/ESP8266_RTOS_SDK/zhouhua/build/bootloader/spi_flash/libspi_flash.a(spi_flash.o)
                                         0x4a (size before relaxing)
 *fill*         0x000000004010122a        0x2 
 .text.special_flash_set_mode
                0x000000004010122c       0x41 /ihoment/home/zhouhua/ESP8266/ESP8266_RTOS_SDK/zhouhua/build/bootloader/spi_flash/libspi_flash.a(spi_flash.o)
                                         0x45 (size before relaxing)
                0x000000004010122c                special_flash_set_mode
 *fill*         0x000000004010126d        0x3 
 .text.en25q16x_write_volatile_status
                0x0000000040101270       0x51 /ihoment/home/zhouhua/ESP8266/ESP8266_RTOS_SDK/zhouhua/build/bootloader/spi_flash/libspi_flash.a(spi_flash.o)
                                         0x5d (size before relaxing)
                0x0000000040101270                en25q16x_write_volatile_status
 *fill*         0x00000000401012c1        0x3 
 .text.user_spi_flash_dio_to_qio_pre_init
                0x00000000401012c4       0xc7 /ihoment/home/zhouhua/ESP8266/ESP8266_RTOS_SDK/zhouhua/build/bootloader/spi_flash/libspi_flash.a(spi_flash.o)
                                         0xd7 (size before relaxing)
                0x00000000401012c4                user_spi_flash_dio_to_qio_pre_init
 *fill*         0x000000004010138b        0x1 
 .text.esp_spi_flash_init
                0x000000004010138c       0xc1 /ihoment/home/zhouhua/ESP8266/ESP8266_RTOS_SDK/zhouhua/build/bootloader/spi_flash/libspi_flash.a(spi_flash.o)
                                         0xc5 (size before relaxing)
                0x000000004010138c                esp_spi_flash_init
 *fill*         0x000000004010144d        0x3 
 .text.Cache_Read_Disable_2
                0x0000000040101450       0x35 /ihoment/home/zhouhua/ESP8266/ESP8266_RTOS_SDK/zhouhua/build/bootloader/spi_flash/libspi_flash.a(spi_flash_raw.o)
                0x0000000040101450                Cache_Read_Disable_2
 *fill*         0x0000000040101485        0x3 
 .text.Cache_Read_Enable_2
                0x0000000040101488       0x28 /ihoment/home/zhouhua/ESP8266/ESP8266_RTOS_SDK/zhouhua/build/bootloader/spi_flash/libspi_flash.a(spi_flash_raw.o)
                0x0000000040101488                Cache_Read_Enable_New
                0x0000000040101488                Cache_Read_Enable_2
 .text.spi_flash_get_id_raw
                0x00000000401014b0       0x57 /ihoment/home/zhouhua/ESP8266/ESP8266_RTOS_SDK/zhouhua/build/bootloader/spi_flash/libspi_flash.a(spi_flash_raw.o)
                0x00000000401014b0                spi_flash_get_id_raw
 *fill*         0x0000000040101507        0x1 
 .text.spi_flash_read_status_raw
                0x0000000040101508       0x2f /ihoment/home/zhouhua/ESP8266/ESP8266_RTOS_SDK/zhouhua/build/bootloader/spi_flash/libspi_flash.a(spi_flash_raw.o)
                                         0x33 (size before relaxing)
                0x0000000040101508                spi_flash_read_status_raw
 *fill*         0x0000000040101537        0x1 
 .text.spi_flash_enable_qmode_raw
                0x0000000040101538       0x33 /ihoment/home/zhouhua/ESP8266/ESP8266_RTOS_SDK/zhouhua/build/bootloader/spi_flash/libspi_flash.a(spi_flash_raw.o)
                                         0x37 (size before relaxing)
                0x0000000040101538                spi_flash_enable_qmode_raw
 *fill*         0x000000004010156b        0x1 
 .text.spi_user_cmd_raw
                0x000000004010156c      0x3dc /ihoment/home/zhouhua/ESP8266/ESP8266_RTOS_SDK/zhouhua/build/bootloader/spi_flash/libspi_flash.a(spi_flash_raw.o)
                0x000000004010156c                spi_user_cmd_raw
 .text.spi_flash_switch_to_qio_raw
                0x0000000040101948       0x25 /ihoment/home/zhouhua/ESP8266/ESP8266_RTOS_SDK/zhouhua/build/bootloader/spi_flash/libspi_flash.a(spi_flash_raw.o)
                0x0000000040101948                spi_flash_switch_to_qio_raw
 *fill*         0x000000004010196d        0x3 
 .text.uart_putc
                0x0000000040101970       0x21 /ihoment/home/zhouhua/ESP8266/ESP8266_RTOS_SDK/zhouhua/build/bootloader/esp8266/libesp8266.a(ets_printf.o)
 *fill*         0x0000000040101991        0x3 
 .text.ets_putc
                0x0000000040101994       0x27 /ihoment/home/zhouhua/ESP8266/ESP8266_RTOS_SDK/zhouhua/build/bootloader/esp8266/libesp8266.a(ets_printf.o)
                0x0000000040101994                ets_putc
 *fill*         0x00000000401019bb        0x1 
 .text.ets_vprintf
                0x00000000401019bc       0x23 /ihoment/home/zhouhua/ESP8266/ESP8266_RTOS_SDK/zhouhua/build/bootloader/esp8266/libesp8266.a(ets_printf.o)
                0x00000000401019bc                ets_vprintf
 *fill*         0x00000000401019df        0x1 
 .text.ets_printf
                0x00000000401019e0       0x27 /ihoment/home/zhouhua/ESP8266/ESP8266_RTOS_SDK/zhouhua/build/bootloader/esp8266/libesp8266.a(ets_printf.o)
                                         0x2b (size before relaxing)
                0x00000000401019e0                ets_printf
 *fill*         0x0000000040101a07        0x1 
 .text.crc32_le
                0x0000000040101a08       0x2f /ihoment/home/zhouhua/ESP8266/ESP8266_RTOS_SDK/zhouhua/build/bootloader/util/libutil.a(crc.o)
                0x0000000040101a08                crc32_le
 *fill*         0x0000000040101a37        0x1 
 .text.phy_reg_default
                0x0000000040101a38       0x36 /ihoment/home/zhouhua/ESP8266/ESP8266_RTOS_SDK/components/esp8266/lib/libcore.a(phy.o)
                0x0000000040101a48                phy_reg_default
 *fill*         0x0000000040101a6e        0x2 
 .text.uart_div_modify
                0x0000000040101a70       0x50 /ihoment/home/zhouhua/ESP8266/ESP8266_RTOS_SDK/components/esp8266/lib/libcore.a(uart.o)
                0x0000000040101a80                uart_div_modify
 *fill*         0x0000000040101ac0        0x0 
 *fill*         0x0000000040101ac0        0x0 
 *fill*         0x0000000040101ac0        0x0 
 *fill*         0x0000000040101ac0        0x0 
 *fill*         0x0000000040101ac0        0x0 
 *fill*         0x0000000040101ac0        0x0 
 *fill*         0x0000000040101ac0        0x0 
 *fill*         0x0000000040101ac0        0x0 
 .text.index_to_partition
                0x0000000040101ac0       0x4b /ihoment/home/zhouhua/ESP8266/ESP8266_RTOS_SDK/zhouhua/build/bootloader/bootloader_support/libbootloader_support.a(bootloader_utility.o)
 *fill*         0x0000000040101b0b        0x0 
 *fill*         0x0000000040101b0b        0x0 
 *fill*         0x0000000040101b0b        0x0 
 *fill*         0x0000000040101b0b        0x0 
 *fill*         0x0000000040101b0b        0x0 
 *fill*         0x0000000040101b0b        0x0 
 *fill*         0x0000000040101b0b        0x0 
 *fill*         0x0000000040101b0b        0x0 
 *fill*         0x0000000040101b0b        0x1 
 .text.verify_segment_header
                0x0000000040101b0c        0x4 /ihoment/home/zhouhua/ESP8266/ESP8266_RTOS_SDK/zhouhua/build/bootloader/bootloader_support/libbootloader_support.a(esp_image_format.o)
 *fill*         0x0000000040101b10        0x0 
 *fill*         0x0000000040101b10        0x0 
 *fill*         0x0000000040101b10        0x0 
 *fill*         0x0000000040101b10        0x0 
 *fill*         0x0000000040101b10        0x0 
 *fill*         0x0000000040101b10        0x0 
 *fill*         0x0000000040101b10        0x0 
 *fill*         0x0000000040101b10        0x0 
 *fill*         0x0000000040101b10        0x0 
 *fill*         0x0000000040101b10        0x0 
 *fill*         0x0000000040101b10        0x0 
 *fill*         0x0000000040101b10        0x0 
 *fill*         0x0000000040101b10        0x0 
 *fill*         0x0000000040101b10        0x0 
 *fill*         0x0000000040101b10        0x0 
 *fill*         0x0000000040101b10        0x0 
 *fill*         0x0000000040101b10        0x0 
 *fill*         0x0000000040101b10        0x0 
 *fill*         0x0000000040101b10        0x0 
 *fill*         0x0000000040101b10        0x0 
 *fill*         0x0000000040101b10        0x0 
 *fill*         0x0000000040101b10        0x0 
 *fill*         0x0000000040101b10        0x0 
 *fill*         0x0000000040101b10        0x0 
 *fill*         0x0000000040101b10        0x0 
 *fill*         0x0000000040101b10        0x0 
 *fill*         0x0000000040101b10        0x0 
 *fill*         0x0000000040101b10        0x0 
 *fill*         0x0000000040101b10        0x0 
 *fill*         0x0000000040101b10        0x0 
 *(.iram1 .iram1.*)
 .iram1.0       0x0000000040101b10       0x1c /ihoment/home/zhouhua/ESP8266/ESP8266_RTOS_SDK/zhouhua/build/bootloader/log/liblog.a(log.o)
                0x0000000040101b10                esp_log_early_timestamp
 .iram1.1       0x0000000040101b2c       0x8a /ihoment/home/zhouhua/ESP8266/ESP8266_RTOS_SDK/zhouhua/build/bootloader/log/liblog.a(log.o)
                                         0x9c (size before relaxing)
                0x0000000040101b2c                esp_early_log_write
 *(.fini.literal)
 *(.fini)
 *(.gnu.version)
                0x0000000040101bb6                _text_end = ABSOLUTE (.)
                0x0000000040101bb6                _etext = .

.bss            0x000000003ffe8000      0x408
                0x000000003ffe8000                . = ALIGN (0x8)
                0x000000003ffe8000                _bss_start = ABSOLUTE (.)
 *(.dynsbss)
 *(.sbss)
 *(.sbss.*)
 *(.gnu.linkonce.sb.*)
 *(.scommon)
 *(.sbss2)
 *(.sbss2.*)
 *(.gnu.linkonce.sb2.*)
 *(.dynbss)
 *(.bss)
 *(.bss.*)
 .bss.mapped    0x000000003ffe8000        0x1 /ihoment/home/zhouhua/ESP8266/ESP8266_RTOS_SDK/zhouhua/build/bootloader/bootloader_support/libbootloader_support.a(bootloader_flash.o)
 *fill*         0x000000003ffe8001        0x3 
 .bss.pbuf$2773
                0x000000003ffe8004      0x400 /ihoment/home/zhouhua/ESP8266/ESP8266_RTOS_SDK/zhouhua/build/bootloader/bootloader_support/libbootloader_support.a(esp_image_format.o)
 .bss.FlashIsOnGoing
                0x000000003ffe8404        0x1 /ihoment/home/zhouhua/ESP8266/ESP8266_RTOS_SDK/zhouhua/build/bootloader/spi_flash/libspi_flash.a(spi_flash.o)
                0x000000003ffe8404                FlashIsOnGoing
 *(.gnu.linkonce.b.*)
 *(COMMON)
                0x000000003ffe8408                . = ALIGN (0x8)
 *fill*         0x000000003ffe8405        0x3 
                0x000000003ffe8408                _bss_end = ABSOLUTE (.)

.data           0x000000003ffe8408       0x18
                0x000000003ffe8408                _data_start = ABSOLUTE (.)
 *(.data)
 *(.data.*)
 .data.flashchip
                0x000000003ffe8408       0x18 /ihoment/home/zhouhua/ESP8266/ESP8266_RTOS_SDK/zhouhua/build/bootloader/spi_flash/libspi_flash.a(spi_flash.o)
                0x000000003ffe8408                flashchip
 *(.gnu.linkonce.d.*)
 *(.data1)
 *(.sdata)
 *(.sdata.*)
 *(.gnu.linkonce.s.*)
 *(.sdata2)
 *(.sdata2.*)
 *(.gnu.linkonce.s2.*)
 *(.jcr)
                0x000000003ffe8420                _data_end = ABSOLUTE (.)

.rodata         0x000000003ffe8420      0xddc
                0x000000003ffe8420                _rodata_start = ABSOLUTE (.)
 *(.rodata)
 *(.rodata.*)
 .rodata.str1.4
                0x000000003ffe8420       0x24 /ihoment/home/zhouhua/ESP8266/ESP8266_RTOS_SDK/zhouhua/build/bootloader/main/libmain.a(bootloader_start.o)
 .rodata.str1.4
                0x000000003ffe8444       0xfa /ihoment/home/zhouhua/ESP8266/ESP8266_RTOS_SDK/zhouhua/build/bootloader/bootloader_support/libbootloader_support.a(bootloader_init.o)
                                        0x106 (size before relaxing)
 *fill*         0x000000003ffe853e        0x2 
 .rodata.print_flash_info
                0x000000003ffe8540       0x28 /ihoment/home/zhouhua/ESP8266/ESP8266_RTOS_SDK/zhouhua/build/bootloader/bootloader_support/libbootloader_support.a(bootloader_init.o)
 .rodata.str1.4
                0x000000003ffe8568      0x38a /ihoment/home/zhouhua/ESP8266/ESP8266_RTOS_SDK/zhouhua/build/bootloader/bootloader_support/libbootloader_support.a(bootloader_utility.o)
                                        0x392 (size before relaxing)
 *fill*         0x000000003ffe88f2        0x2 
 .rodata.str1.4
                0x000000003ffe88f4      0x17b /ihoment/home/zhouhua/ESP8266/ESP8266_RTOS_SDK/zhouhua/build/bootloader/bootloader_support/libbootloader_support.a(bootloader_flash.o)
 *fill*         0x000000003ffe8a6f        0x1 
 .rodata.str1.4
                0x000000003ffe8a70       0xb4 /ihoment/home/zhouhua/ESP8266/ESP8266_RTOS_SDK/zhouhua/build/bootloader/bootloader_support/libbootloader_support.a(flash_partitions.o)
 .rodata.str1.4
                0x000000003ffe8b24      0x26b /ihoment/home/zhouhua/ESP8266/ESP8266_RTOS_SDK/zhouhua/build/bootloader/bootloader_support/libbootloader_support.a(esp_image_format.o)
                                        0x26f (size before relaxing)
 *fill*         0x000000003ffe8d8f        0x1 
 .rodata.str1.4
                0x000000003ffe8d90       0x2c /ihoment/home/zhouhua/ESP8266/ESP8266_RTOS_SDK/zhouhua/build/bootloader/spi_flash/libspi_flash.a(spi_flash.o)
 .rodata.str1.4
                0x000000003ffe8dbc       0x20 /ihoment/home/zhouhua/ESP8266/ESP8266_RTOS_SDK/zhouhua/build/bootloader/log/liblog.a(log.o)
                                         0x22 (size before relaxing)
 .rodata.s_log_prefix
                0x000000003ffe8ddc        0x6 /ihoment/home/zhouhua/ESP8266/ESP8266_RTOS_SDK/zhouhua/build/bootloader/log/liblog.a(log.o)
 *fill*         0x000000003ffe8de2        0x2 
 .rodata.s_log_color
                0x000000003ffe8de4       0x18 /ihoment/home/zhouhua/ESP8266/ESP8266_RTOS_SDK/zhouhua/build/bootloader/log/liblog.a(log.o)
 .rodata.crc32_le_table
                0x000000003ffe8dfc      0x400 /ihoment/home/zhouhua/ESP8266/ESP8266_RTOS_SDK/zhouhua/build/bootloader/util/libutil.a(crc.o)
 *(.gnu.linkonce.r.*)
 *(.rodata1)
                0x000000003ffe91fc                __XT_EXCEPTION_TABLE_ = ABSOLUTE (.)
 *(.xt_except_table)
 *(.gcc_except_table)
 *(.gnu.linkonce.e.*)
 *(.gnu.version_r)
 *(.eh_frame)
                0x000000003ffe91fc                . = ((. + 0x3) & 0xfffffffffffffffc)
                0x000000003ffe91fc                __init_array_start = ABSOLUTE (.)
 *crtbegin.o(.ctors)
 *(EXCLUDE_FILE(*crtend.o) .ctors)
 *(SORT(.ctors.*))
 *(.ctors)
                0x000000003ffe91fc                __init_array_end = ABSOLUTE (.)
 *crtbegin.o(.dtors)
 *(EXCLUDE_FILE(*crtend.o) .dtors)
 *(SORT(.dtors.*))
 *(.dtors)
                0x000000003ffe91fc                __XT_EXCEPTION_DESCS_ = ABSOLUTE (.)
 *(.xt_except_desc)
 *(.gnu.linkonce.h.*)
                0x000000003ffe91fc                __XT_EXCEPTION_DESCS_END__ = ABSOLUTE (.)
 *(.xt_except_desc_end)
 *(.dynamic)
 *(.gnu.version_d)
                0x000000003ffe91fc                _rodata_end = ABSOLUTE (.)
                0x000000003ffe91fc                _lit4_start = ABSOLUTE (.)
 *(*.lit4)
 *(.lit4.*)
 *(.gnu.linkonce.lit4.*)
                0x000000003ffe91fc                _lit4_end = ABSOLUTE (.)
                0x000000003ffe91fc                . = ALIGN (0x4)
                0x000000003ffe91fc                _heap_start = ABSOLUTE (.)
                0x00000000400040c0                PROVIDE (SPI_sector_erase, 0x400040c0)
                0x0000000040004174                PROVIDE (SPI_page_program, 0x40004174)
                0x00000000400042ac                PROVIDE (SPI_read_data, 0x400042ac)
                0x00000000400043c8                PROVIDE (SPI_read_status, 0x400043c8)
                0x0000000040004400                PROVIDE (SPI_write_status, 0x40004400)
                0x000000004000443c                PROVIDE (SPI_write_enable, 0x4000443c)
                0x000000004000448c                PROVIDE (Wait_SPI_Idle, 0x4000448c)
                0x00000000400044c0                PROVIDE (Enable_QMode, 0x400044c0)
                [!provide]                        PROVIDE (Disable_QMode, 0x40004508)
                0x0000000040004678                PROVIDE (Cache_Read_Enable, 0x40004678)
                0x00000000400047f0                PROVIDE (Cache_Read_Disable, 0x400047f0)
                [!provide]                        PROVIDE (lldesc_build_chain, 0x40004f40)
                [!provide]                        PROVIDE (lldesc_num2link, 0x40005050)
                [!provide]                        PROVIDE (lldesc_set_owner, 0x4000507c)
                [!provide]                        PROVIDE (__adddf3, 0x4000c538)
                [!provide]                        PROVIDE (__addsf3, 0x4000c180)
                [!provide]                        PROVIDE (__divdf3, 0x4000cb94)
                [!provide]                        PROVIDE (__divdi3, 0x4000ce60)
                [!provide]                        PROVIDE (__divsi3, 0x4000dc88)
                [!provide]                        PROVIDE (__extendsfdf2, 0x4000cdfc)
                [!provide]                        PROVIDE (__fixdfsi, 0x4000ccb8)
                [!provide]                        PROVIDE (__fixunsdfsi, 0x4000cd00)
                [!provide]                        PROVIDE (__fixunssfsi, 0x4000c4c4)
                [!provide]                        PROVIDE (__floatsidf, 0x4000e2f0)
                [!provide]                        PROVIDE (__floatsisf, 0x4000e2ac)
                [!provide]                        PROVIDE (__floatunsidf, 0x4000e2e8)
                [!provide]                        PROVIDE (__floatunsisf, 0x4000e2a4)
                [!provide]                        PROVIDE (__muldf3, 0x4000c8f0)
                [!provide]                        PROVIDE (__muldi3, 0x40000650)
                [!provide]                        PROVIDE (__mulsf3, 0x4000c3dc)
                [!provide]                        PROVIDE (__subdf3, 0x4000c688)
                [!provide]                        PROVIDE (__subsf3, 0x4000c268)
                [!provide]                        PROVIDE (__truncdfsf2, 0x4000cd5c)
                [!provide]                        PROVIDE (__udivdi3, 0x4000d310)
                0x000000004000e21c                PROVIDE (__udivsi3, 0x4000e21c)
                [!provide]                        PROVIDE (__umoddi3, 0x4000d770)
                0x000000004000e268                PROVIDE (__umodsi3, 0x4000e268)
                [!provide]                        PROVIDE (__umulsidi3, 0x4000dcf0)
                [!provide]                        PROVIDE (bzero, 0x4000de84)
                [!provide]                        PROVIDE (memcmp, 0x4000dea8)
                0x000000004000df48                PROVIDE (memcpy, 0x4000df48)
                [!provide]                        PROVIDE (memmove, 0x4000e04c)
                0x000000004000e190                PROVIDE (memset, 0x4000e190)
                [!provide]                        PROVIDE (strcmp, 0x4000bdc8)
                [!provide]                        PROVIDE (strcpy, 0x4000bec8)
                [!provide]                        PROVIDE (strlen, 0x4000bf4c)
                [!provide]                        PROVIDE (strncmp, 0x4000bfa8)
                [!provide]                        PROVIDE (strncpy, 0x4000c0a0)
                [!provide]                        PROVIDE (strstr, 0x4000e1e0)
                0x0000000040004cf0                PROVIDE (gpio_input_get, 0x40004cf0)
                [!provide]                        PROVIDE (gpio_pin_wakeup_disable, 0x40004ed4)
                [!provide]                        PROVIDE (gpio_pin_wakeup_enable, 0x40004e90)
                0x0000000040001f00                PROVIDE (ets_io_vprintf, 0x40001f00)
                [!provide]                        PROVIDE (uart_rx_one_char, 0x40003b8c)
                [!provide]                        PROVIDE (ets_memcpy, 0x400018b4)
                0x0000000040004b1c                PROVIDE (SPIRead, 0x40004b1c)
                0x0000000040004a4c                PROVIDE (SPIWrite, 0x40004a4c)
                0x0000000040004a00                PROVIDE (SPIEraseSector, 0x40004a00)
                [!provide]                        PROVIDE (gpio_input_get, 0x40004cf0)
                0x000000004000dd38                PROVIDE (xthal_get_ccount, 0x4000dd38)
                [!provide]                        PROVIDE (uart_div_modify, 0x400039d8)
                [!provide]                        PROVIDE (ets_io_vprintf, 0x40001f00)
OUTPUT(/ihoment/home/zhouhua/ESP8266/ESP8266_RTOS_SDK/zhouhua/build/bootloader/bootloader.elf elf32-xtensa-le)

.debug_frame    0x0000000000000000      0xa00
 .debug_frame   0x0000000000000000       0x70 /ihoment/home/zhouhua/ESP8266/ESP8266_RTOS_SDK/zhouhua/build/bootloader/main/libmain.a(bootloader_start.o)
 .debug_frame   0x0000000000000070       0xb0 /ihoment/home/zhouhua/ESP8266/ESP8266_RTOS_SDK/zhouhua/build/bootloader/bootloader_support/libbootloader_support.a(bootloader_init.o)
 .debug_frame   0x0000000000000120       0xf0 /ihoment/home/zhouhua/ESP8266/ESP8266_RTOS_SDK/zhouhua/build/bootloader/bootloader_support/libbootloader_support.a(bootloader_utility.o)
 .debug_frame   0x0000000000000210       0xd0 /ihoment/home/zhouhua/ESP8266/ESP8266_RTOS_SDK/zhouhua/build/bootloader/bootloader_support/libbootloader_support.a(bootloader_flash.o)
 .debug_frame   0x00000000000002e0       0x70 /ihoment/home/zhouhua/ESP8266/ESP8266_RTOS_SDK/zhouhua/build/bootloader/bootloader_support/libbootloader_support.a(bootloader_common.o)
 .debug_frame   0x0000000000000350       0x30 /ihoment/home/zhouhua/ESP8266/ESP8266_RTOS_SDK/zhouhua/build/bootloader/bootloader_support/libbootloader_support.a(flash_partitions.o)
 .debug_frame   0x0000000000000380      0x110 /ihoment/home/zhouhua/ESP8266/ESP8266_RTOS_SDK/zhouhua/build/bootloader/bootloader_support/libbootloader_support.a(esp_image_format.o)
 .debug_frame   0x0000000000000490      0x320 /ihoment/home/zhouhua/ESP8266/ESP8266_RTOS_SDK/zhouhua/build/bootloader/spi_flash/libspi_flash.a(spi_flash.o)
 .debug_frame   0x00000000000007b0      0x140 /ihoment/home/zhouhua/ESP8266/ESP8266_RTOS_SDK/zhouhua/build/bootloader/spi_flash/libspi_flash.a(spi_flash_raw.o)
 .debug_frame   0x00000000000008f0       0x50 /ihoment/home/zhouhua/ESP8266/ESP8266_RTOS_SDK/zhouhua/build/bootloader/log/liblog.a(log.o)
 .debug_frame   0x0000000000000940       0x80 /ihoment/home/zhouhua/ESP8266/ESP8266_RTOS_SDK/zhouhua/build/bootloader/esp8266/libesp8266.a(ets_printf.o)
 .debug_frame   0x00000000000009c0       0x40 /ihoment/home/zhouhua/ESP8266/ESP8266_RTOS_SDK/zhouhua/build/bootloader/util/libutil.a(crc.o)

.debug_info     0x0000000000000000     0x52f0
 .debug_info    0x0000000000000000      0x4fc /ihoment/home/zhouhua/ESP8266/ESP8266_RTOS_SDK/zhouhua/build/bootloader/main/libmain.a(bootloader_start.o)
 .debug_info    0x00000000000004fc      0x52b /ihoment/home/zhouhua/ESP8266/ESP8266_RTOS_SDK/zhouhua/build/bootloader/bootloader_support/libbootloader_support.a(bootloader_init.o)
 .debug_info    0x0000000000000a27      0xd3c /ihoment/home/zhouhua/ESP8266/ESP8266_RTOS_SDK/zhouhua/build/bootloader/bootloader_support/libbootloader_support.a(bootloader_utility.o)
 .debug_info    0x0000000000001763      0x575 /ihoment/home/zhouhua/ESP8266/ESP8266_RTOS_SDK/zhouhua/build/bootloader/bootloader_support/libbootloader_support.a(bootloader_flash.o)
 .debug_info    0x0000000000001cd8      0x325 /ihoment/home/zhouhua/ESP8266/ESP8266_RTOS_SDK/zhouhua/build/bootloader/bootloader_support/libbootloader_support.a(bootloader_common.o)
 .debug_info    0x0000000000001ffd      0x3d9 /ihoment/home/zhouhua/ESP8266/ESP8266_RTOS_SDK/zhouhua/build/bootloader/bootloader_support/libbootloader_support.a(flash_partitions.o)
 .debug_info    0x00000000000023d6      0xce1 /ihoment/home/zhouhua/ESP8266/ESP8266_RTOS_SDK/zhouhua/build/bootloader/bootloader_support/libbootloader_support.a(esp_image_format.o)
 .debug_info    0x00000000000030b7     0x13b2 /ihoment/home/zhouhua/ESP8266/ESP8266_RTOS_SDK/zhouhua/build/bootloader/spi_flash/libspi_flash.a(spi_flash.o)
 .debug_info    0x0000000000004469      0x7a1 /ihoment/home/zhouhua/ESP8266/ESP8266_RTOS_SDK/zhouhua/build/bootloader/spi_flash/libspi_flash.a(spi_flash_raw.o)
 .debug_info    0x0000000000004c0a      0x2c7 /ihoment/home/zhouhua/ESP8266/ESP8266_RTOS_SDK/zhouhua/build/bootloader/log/liblog.a(log.o)
 .debug_info    0x0000000000004ed1      0x239 /ihoment/home/zhouhua/ESP8266/ESP8266_RTOS_SDK/zhouhua/build/bootloader/esp8266/libesp8266.a(ets_printf.o)
 .debug_info    0x000000000000510a      0x1e6 /ihoment/home/zhouhua/ESP8266/ESP8266_RTOS_SDK/zhouhua/build/bootloader/util/libutil.a(crc.o)

.debug_abbrev   0x0000000000000000     0x1621
 .debug_abbrev  0x0000000000000000      0x1dc /ihoment/home/zhouhua/ESP8266/ESP8266_RTOS_SDK/zhouhua/build/bootloader/main/libmain.a(bootloader_start.o)
 .debug_abbrev  0x00000000000001dc      0x1e4 /ihoment/home/zhouhua/ESP8266/ESP8266_RTOS_SDK/zhouhua/build/bootloader/bootloader_support/libbootloader_support.a(bootloader_init.o)
 .debug_abbrev  0x00000000000003c0      0x279 /ihoment/home/zhouhua/ESP8266/ESP8266_RTOS_SDK/zhouhua/build/bootloader/bootloader_support/libbootloader_support.a(bootloader_utility.o)
 .debug_abbrev  0x0000000000000639      0x1d2 /ihoment/home/zhouhua/ESP8266/ESP8266_RTOS_SDK/zhouhua/build/bootloader/bootloader_support/libbootloader_support.a(bootloader_flash.o)
 .debug_abbrev  0x000000000000080b      0x1b4 /ihoment/home/zhouhua/ESP8266/ESP8266_RTOS_SDK/zhouhua/build/bootloader/bootloader_support/libbootloader_support.a(bootloader_common.o)
 .debug_abbrev  0x00000000000009bf      0x19b /ihoment/home/zhouhua/ESP8266/ESP8266_RTOS_SDK/zhouhua/build/bootloader/bootloader_support/libbootloader_support.a(flash_partitions.o)
 .debug_abbrev  0x0000000000000b5a      0x20b /ihoment/home/zhouhua/ESP8266/ESP8266_RTOS_SDK/zhouhua/build/bootloader/bootloader_support/libbootloader_support.a(esp_image_format.o)
 .debug_abbrev  0x0000000000000d65      0x33e /ihoment/home/zhouhua/ESP8266/ESP8266_RTOS_SDK/zhouhua/build/bootloader/spi_flash/libspi_flash.a(spi_flash.o)
 .debug_abbrev  0x00000000000010a3      0x1ca /ihoment/home/zhouhua/ESP8266/ESP8266_RTOS_SDK/zhouhua/build/bootloader/spi_flash/libspi_flash.a(spi_flash_raw.o)
 .debug_abbrev  0x000000000000126d      0x198 /ihoment/home/zhouhua/ESP8266/ESP8266_RTOS_SDK/zhouhua/build/bootloader/log/liblog.a(log.o)
 .debug_abbrev  0x0000000000001405      0x16d /ihoment/home/zhouhua/ESP8266/ESP8266_RTOS_SDK/zhouhua/build/bootloader/esp8266/libesp8266.a(ets_printf.o)
 .debug_abbrev  0x0000000000001572       0xaf /ihoment/home/zhouhua/ESP8266/ESP8266_RTOS_SDK/zhouhua/build/bootloader/util/libutil.a(crc.o)

.debug_loc      0x0000000000000000     0x2a66
 .debug_loc     0x0000000000000000       0x76 /ihoment/home/zhouhua/ESP8266/ESP8266_RTOS_SDK/zhouhua/build/bootloader/main/libmain.a(bootloader_start.o)
 .debug_loc     0x0000000000000076       0xc1 /ihoment/home/zhouhua/ESP8266/ESP8266_RTOS_SDK/zhouhua/build/bootloader/bootloader_support/libbootloader_support.a(bootloader_init.o)
 .debug_loc     0x0000000000000137      0x515 /ihoment/home/zhouhua/ESP8266/ESP8266_RTOS_SDK/zhouhua/build/bootloader/bootloader_support/libbootloader_support.a(bootloader_utility.o)
 .debug_loc     0x000000000000064c      0x382 /ihoment/home/zhouhua/ESP8266/ESP8266_RTOS_SDK/zhouhua/build/bootloader/bootloader_support/libbootloader_support.a(bootloader_flash.o)
 .debug_loc     0x00000000000009ce      0x157 /ihoment/home/zhouhua/ESP8266/ESP8266_RTOS_SDK/zhouhua/build/bootloader/bootloader_support/libbootloader_support.a(bootloader_common.o)
 .debug_loc     0x0000000000000b25       0xf9 /ihoment/home/zhouhua/ESP8266/ESP8266_RTOS_SDK/zhouhua/build/bootloader/bootloader_support/libbootloader_support.a(flash_partitions.o)
 .debug_loc     0x0000000000000c1e      0x919 /ihoment/home/zhouhua/ESP8266/ESP8266_RTOS_SDK/zhouhua/build/bootloader/bootloader_support/libbootloader_support.a(esp_image_format.o)
 .debug_loc     0x0000000000001537      0xd22 /ihoment/home/zhouhua/ESP8266/ESP8266_RTOS_SDK/zhouhua/build/bootloader/spi_flash/libspi_flash.a(spi_flash.o)
 .debug_loc     0x0000000000002259      0x587 /ihoment/home/zhouhua/ESP8266/ESP8266_RTOS_SDK/zhouhua/build/bootloader/spi_flash/libspi_flash.a(spi_flash_raw.o)
 .debug_loc     0x00000000000027e0       0x9f /ihoment/home/zhouhua/ESP8266/ESP8266_RTOS_SDK/zhouhua/build/bootloader/log/liblog.a(log.o)
 .debug_loc     0x000000000000287f       0x89 /ihoment/home/zhouhua/ESP8266/ESP8266_RTOS_SDK/zhouhua/build/bootloader/esp8266/libesp8266.a(ets_printf.o)
 .debug_loc     0x0000000000002908      0x15e /ihoment/home/zhouhua/ESP8266/ESP8266_RTOS_SDK/zhouhua/build/bootloader/util/libutil.a(crc.o)

.debug_aranges  0x0000000000000000      0x398
 .debug_aranges
                0x0000000000000000       0x30 /ihoment/home/zhouhua/ESP8266/ESP8266_RTOS_SDK/zhouhua/build/bootloader/main/libmain.a(bootloader_start.o)
 .debug_aranges
                0x0000000000000030       0x40 /ihoment/home/zhouhua/ESP8266/ESP8266_RTOS_SDK/zhouhua/build/bootloader/bootloader_support/libbootloader_support.a(bootloader_init.o)
 .debug_aranges
                0x0000000000000070       0x50 /ihoment/home/zhouhua/ESP8266/ESP8266_RTOS_SDK/zhouhua/build/bootloader/bootloader_support/libbootloader_support.a(bootloader_utility.o)
 .debug_aranges
                0x00000000000000c0       0x48 /ihoment/home/zhouhua/ESP8266/ESP8266_RTOS_SDK/zhouhua/build/bootloader/bootloader_support/libbootloader_support.a(bootloader_flash.o)
 .debug_aranges
                0x0000000000000108       0x30 /ihoment/home/zhouhua/ESP8266/ESP8266_RTOS_SDK/zhouhua/build/bootloader/bootloader_support/libbootloader_support.a(bootloader_common.o)
 .debug_aranges
                0x0000000000000138       0x20 /ihoment/home/zhouhua/ESP8266/ESP8266_RTOS_SDK/zhouhua/build/bootloader/bootloader_support/libbootloader_support.a(flash_partitions.o)
 .debug_aranges
                0x0000000000000158       0x60 /ihoment/home/zhouhua/ESP8266/ESP8266_RTOS_SDK/zhouhua/build/bootloader/bootloader_support/libbootloader_support.a(esp_image_format.o)
 .debug_aranges
                0x00000000000001b8       0xe0 /ihoment/home/zhouhua/ESP8266/ESP8266_RTOS_SDK/zhouhua/build/bootloader/spi_flash/libspi_flash.a(spi_flash.o)
 .debug_aranges
                0x0000000000000298       0x70 /ihoment/home/zhouhua/ESP8266/ESP8266_RTOS_SDK/zhouhua/build/bootloader/spi_flash/libspi_flash.a(spi_flash_raw.o)
 .debug_aranges
                0x0000000000000308       0x28 /ihoment/home/zhouhua/ESP8266/ESP8266_RTOS_SDK/zhouhua/build/bootloader/log/liblog.a(log.o)
 .debug_aranges
                0x0000000000000330       0x38 /ihoment/home/zhouhua/ESP8266/ESP8266_RTOS_SDK/zhouhua/build/bootloader/esp8266/libesp8266.a(ets_printf.o)
 .debug_aranges
                0x0000000000000368       0x30 /ihoment/home/zhouhua/ESP8266/ESP8266_RTOS_SDK/zhouhua/build/bootloader/util/libutil.a(crc.o)

.debug_ranges   0x0000000000000000      0x3a8
 .debug_ranges  0x0000000000000000       0x20 /ihoment/home/zhouhua/ESP8266/ESP8266_RTOS_SDK/zhouhua/build/bootloader/main/libmain.a(bootloader_start.o)
 .debug_ranges  0x0000000000000020       0x30 /ihoment/home/zhouhua/ESP8266/ESP8266_RTOS_SDK/zhouhua/build/bootloader/bootloader_support/libbootloader_support.a(bootloader_init.o)
 .debug_ranges  0x0000000000000050       0x58 /ihoment/home/zhouhua/ESP8266/ESP8266_RTOS_SDK/zhouhua/build/bootloader/bootloader_support/libbootloader_support.a(bootloader_utility.o)
 .debug_ranges  0x00000000000000a8       0x38 /ihoment/home/zhouhua/ESP8266/ESP8266_RTOS_SDK/zhouhua/build/bootloader/bootloader_support/libbootloader_support.a(bootloader_flash.o)
 .debug_ranges  0x00000000000000e0       0x20 /ihoment/home/zhouhua/ESP8266/ESP8266_RTOS_SDK/zhouhua/build/bootloader/bootloader_support/libbootloader_support.a(bootloader_common.o)
 .debug_ranges  0x0000000000000100       0x10 /ihoment/home/zhouhua/ESP8266/ESP8266_RTOS_SDK/zhouhua/build/bootloader/bootloader_support/libbootloader_support.a(flash_partitions.o)
 .debug_ranges  0x0000000000000110       0x80 /ihoment/home/zhouhua/ESP8266/ESP8266_RTOS_SDK/zhouhua/build/bootloader/bootloader_support/libbootloader_support.a(esp_image_format.o)
 .debug_ranges  0x0000000000000190      0x158 /ihoment/home/zhouhua/ESP8266/ESP8266_RTOS_SDK/zhouhua/build/bootloader/spi_flash/libspi_flash.a(spi_flash.o)
 .debug_ranges  0x00000000000002e8       0x60 /ihoment/home/zhouhua/ESP8266/ESP8266_RTOS_SDK/zhouhua/build/bootloader/spi_flash/libspi_flash.a(spi_flash_raw.o)
 .debug_ranges  0x0000000000000348       0x18 /ihoment/home/zhouhua/ESP8266/ESP8266_RTOS_SDK/zhouhua/build/bootloader/log/liblog.a(log.o)
 .debug_ranges  0x0000000000000360       0x28 /ihoment/home/zhouhua/ESP8266/ESP8266_RTOS_SDK/zhouhua/build/bootloader/esp8266/libesp8266.a(ets_printf.o)
 .debug_ranges  0x0000000000000388       0x20 /ihoment/home/zhouhua/ESP8266/ESP8266_RTOS_SDK/zhouhua/build/bootloader/util/libutil.a(crc.o)

.debug_line     0x0000000000000000     0x391c
 .debug_line    0x0000000000000000      0x393 /ihoment/home/zhouhua/ESP8266/ESP8266_RTOS_SDK/zhouhua/build/bootloader/main/libmain.a(bootloader_start.o)
 .debug_line    0x0000000000000393      0x4a3 /ihoment/home/zhouhua/ESP8266/ESP8266_RTOS_SDK/zhouhua/build/bootloader/bootloader_support/libbootloader_support.a(bootloader_init.o)
 .debug_line    0x0000000000000836      0x7a1 /ihoment/home/zhouhua/ESP8266/ESP8266_RTOS_SDK/zhouhua/build/bootloader/bootloader_support/libbootloader_support.a(bootloader_utility.o)
 .debug_line    0x0000000000000fd7      0x333 /ihoment/home/zhouhua/ESP8266/ESP8266_RTOS_SDK/zhouhua/build/bootloader/bootloader_support/libbootloader_support.a(bootloader_flash.o)
 .debug_line    0x000000000000130a      0x36c /ihoment/home/zhouhua/ESP8266/ESP8266_RTOS_SDK/zhouhua/build/bootloader/bootloader_support/libbootloader_support.a(bootloader_common.o)
 .debug_line    0x0000000000001676      0x321 /ihoment/home/zhouhua/ESP8266/ESP8266_RTOS_SDK/zhouhua/build/bootloader/bootloader_support/libbootloader_support.a(flash_partitions.o)
 .debug_line    0x0000000000001997      0x6ef /ihoment/home/zhouhua/ESP8266/ESP8266_RTOS_SDK/zhouhua/build/bootloader/bootloader_support/libbootloader_support.a(esp_image_format.o)
 .debug_line    0x0000000000002086      0xc72 /ihoment/home/zhouhua/ESP8266/ESP8266_RTOS_SDK/zhouhua/build/bootloader/spi_flash/libspi_flash.a(spi_flash.o)
 .debug_line    0x0000000000002cf8      0x618 /ihoment/home/zhouhua/ESP8266/ESP8266_RTOS_SDK/zhouhua/build/bootloader/spi_flash/libspi_flash.a(spi_flash_raw.o)
 .debug_line    0x0000000000003310      0x277 /ihoment/home/zhouhua/ESP8266/ESP8266_RTOS_SDK/zhouhua/build/bootloader/log/liblog.a(log.o)
 .debug_line    0x0000000000003587      0x1ea /ihoment/home/zhouhua/ESP8266/ESP8266_RTOS_SDK/zhouhua/build/bootloader/esp8266/libesp8266.a(ets_printf.o)
 .debug_line    0x0000000000003771      0x1ab /ihoment/home/zhouhua/ESP8266/ESP8266_RTOS_SDK/zhouhua/build/bootloader/util/libutil.a(crc.o)

.debug_str      0x0000000000000000     0x18cf
 .debug_str     0x0000000000000000      0x48d /ihoment/home/zhouhua/ESP8266/ESP8266_RTOS_SDK/zhouhua/build/bootloader/main/libmain.a(bootloader_start.o)
                                        0x505 (size before relaxing)
 .debug_str     0x000000000000048d      0x33a /ihoment/home/zhouhua/ESP8266/ESP8266_RTOS_SDK/zhouhua/build/bootloader/bootloader_support/libbootloader_support.a(bootloader_init.o)
                                        0x5c4 (size before relaxing)
 .debug_str     0x00000000000007c7      0x25a /ihoment/home/zhouhua/ESP8266/ESP8266_RTOS_SDK/zhouhua/build/bootloader/bootloader_support/libbootloader_support.a(bootloader_utility.o)
                                        0x6fe (size before relaxing)
 .debug_str     0x0000000000000a21      0x174 /ihoment/home/zhouhua/ESP8266/ESP8266_RTOS_SDK/zhouhua/build/bootloader/bootloader_support/libbootloader_support.a(bootloader_flash.o)
                                        0x40c (size before relaxing)
 .debug_str     0x0000000000000b95      0x175 /ihoment/home/zhouhua/ESP8266/ESP8266_RTOS_SDK/zhouhua/build/bootloader/bootloader_support/libbootloader_support.a(bootloader_common.o)
                                        0x3a2 (size before relaxing)
 .debug_str     0x0000000000000d0a      0x100 /ihoment/home/zhouhua/ESP8266/ESP8266_RTOS_SDK/zhouhua/build/bootloader/bootloader_support/libbootloader_support.a(flash_partitions.o)
                                        0x3c9 (size before relaxing)
 .debug_str     0x0000000000000e0a      0x1bb /ihoment/home/zhouhua/ESP8266/ESP8266_RTOS_SDK/zhouhua/build/bootloader/bootloader_support/libbootloader_support.a(esp_image_format.o)
                                        0x793 (size before relaxing)
 .debug_str     0x0000000000000fc5      0x54b /ihoment/home/zhouhua/ESP8266/ESP8266_RTOS_SDK/zhouhua/build/bootloader/spi_flash/libspi_flash.a(spi_flash.o)
                                        0x91a (size before relaxing)
 .debug_str     0x0000000000001510      0x136 /ihoment/home/zhouhua/ESP8266/ESP8266_RTOS_SDK/zhouhua/build/bootloader/spi_flash/libspi_flash.a(spi_flash_raw.o)
                                        0x4dd (size before relaxing)
 .debug_str     0x0000000000001646      0x120 /ihoment/home/zhouhua/ESP8266/ESP8266_RTOS_SDK/zhouhua/build/bootloader/log/liblog.a(log.o)
                                        0x2de (size before relaxing)
 .debug_str     0x0000000000001766       0xe2 /ihoment/home/zhouhua/ESP8266/ESP8266_RTOS_SDK/zhouhua/build/bootloader/esp8266/libesp8266.a(ets_printf.o)
                                        0x241 (size before relaxing)
 .debug_str     0x0000000000001848       0x87 /ihoment/home/zhouhua/ESP8266/ESP8266_RTOS_SDK/zhouhua/build/bootloader/util/libutil.a(crc.o)
                                        0x189 (size before relaxing)

.comment        0x0000000000000000       0x5b
 .comment       0x0000000000000000       0x21 /ihoment/home/zhouhua/ESP8266/ESP8266_RTOS_SDK/zhouhua/build/bootloader/main/libmain.a(bootloader_start.o)
                                         0x22 (size before relaxing)
 .comment       0x0000000000000021       0x22 /ihoment/home/zhouhua/ESP8266/ESP8266_RTOS_SDK/zhouhua/build/bootloader/bootloader_support/libbootloader_support.a(bootloader_init.o)
 .comment       0x0000000000000021       0x22 /ihoment/home/zhouhua/ESP8266/ESP8266_RTOS_SDK/zhouhua/build/bootloader/bootloader_support/libbootloader_support.a(bootloader_utility.o)
 .comment       0x0000000000000021       0x22 /ihoment/home/zhouhua/ESP8266/ESP8266_RTOS_SDK/zhouhua/build/bootloader/bootloader_support/libbootloader_support.a(bootloader_flash.o)
 .comment       0x0000000000000021       0x22 /ihoment/home/zhouhua/ESP8266/ESP8266_RTOS_SDK/zhouhua/build/bootloader/bootloader_support/libbootloader_support.a(bootloader_common.o)
 .comment       0x0000000000000021       0x22 /ihoment/home/zhouhua/ESP8266/ESP8266_RTOS_SDK/zhouhua/build/bootloader/bootloader_support/libbootloader_support.a(flash_partitions.o)
 .comment       0x0000000000000021       0x22 /ihoment/home/zhouhua/ESP8266/ESP8266_RTOS_SDK/zhouhua/build/bootloader/bootloader_support/libbootloader_support.a(esp_image_format.o)
 .comment       0x0000000000000021       0x22 /ihoment/home/zhouhua/ESP8266/ESP8266_RTOS_SDK/zhouhua/build/bootloader/spi_flash/libspi_flash.a(spi_flash.o)
 .comment       0x0000000000000021       0x22 /ihoment/home/zhouhua/ESP8266/ESP8266_RTOS_SDK/zhouhua/build/bootloader/spi_flash/libspi_flash.a(spi_flash_raw.o)
 .comment       0x0000000000000021       0x22 /ihoment/home/zhouhua/ESP8266/ESP8266_RTOS_SDK/zhouhua/build/bootloader/log/liblog.a(log.o)
 .comment       0x0000000000000021       0x22 /ihoment/home/zhouhua/ESP8266/ESP8266_RTOS_SDK/zhouhua/build/bootloader/esp8266/libesp8266.a(ets_printf.o)
 .comment       0x0000000000000021       0x22 /ihoment/home/zhouhua/ESP8266/ESP8266_RTOS_SDK/zhouhua/build/bootloader/util/libutil.a(crc.o)
 .comment       0x0000000000000021       0x3a /ihoment/home/zhouhua/ESP8266/ESP8266_RTOS_SDK/components/esp8266/lib/libcore.a(phy.o)
                                         0x3b (size before relaxing)
 .comment       0x000000000000005b       0x3b /ihoment/home/zhouhua/ESP8266/ESP8266_RTOS_SDK/components/esp8266/lib/libcore.a(uart.o)

.xtensa.info    0x0000000000000000       0x38
 .xtensa.info   0x0000000000000000       0x38 /ihoment/home/zhouhua/ESP8266/ESP8266_RTOS_SDK/zhouhua/build/bootloader/main/libmain.a(bootloader_start.o)
 .xtensa.info   0x0000000000000038        0x0 /ihoment/home/zhouhua/ESP8266/ESP8266_RTOS_SDK/zhouhua/build/bootloader/bootloader_support/libbootloader_support.a(bootloader_init.o)
 .xtensa.info   0x0000000000000038        0x0 /ihoment/home/zhouhua/ESP8266/ESP8266_RTOS_SDK/zhouhua/build/bootloader/bootloader_support/libbootloader_support.a(bootloader_utility.o)
 .xtensa.info   0x0000000000000038        0x0 /ihoment/home/zhouhua/ESP8266/ESP8266_RTOS_SDK/zhouhua/build/bootloader/bootloader_support/libbootloader_support.a(bootloader_flash.o)
 .xtensa.info   0x0000000000000038        0x0 /ihoment/home/zhouhua/ESP8266/ESP8266_RTOS_SDK/zhouhua/build/bootloader/bootloader_support/libbootloader_support.a(bootloader_common.o)
 .xtensa.info   0x0000000000000038        0x0 /ihoment/home/zhouhua/ESP8266/ESP8266_RTOS_SDK/zhouhua/build/bootloader/bootloader_support/libbootloader_support.a(flash_partitions.o)
 .xtensa.info   0x0000000000000038        0x0 /ihoment/home/zhouhua/ESP8266/ESP8266_RTOS_SDK/zhouhua/build/bootloader/bootloader_support/libbootloader_support.a(esp_image_format.o)
 .xtensa.info   0x0000000000000038        0x0 /ihoment/home/zhouhua/ESP8266/ESP8266_RTOS_SDK/zhouhua/build/bootloader/spi_flash/libspi_flash.a(spi_flash.o)
 .xtensa.info   0x0000000000000038        0x0 /ihoment/home/zhouhua/ESP8266/ESP8266_RTOS_SDK/zhouhua/build/bootloader/spi_flash/libspi_flash.a(spi_flash_raw.o)
 .xtensa.info   0x0000000000000038        0x0 /ihoment/home/zhouhua/ESP8266/ESP8266_RTOS_SDK/zhouhua/build/bootloader/log/liblog.a(log.o)
 .xtensa.info   0x0000000000000038        0x0 /ihoment/home/zhouhua/ESP8266/ESP8266_RTOS_SDK/zhouhua/build/bootloader/esp8266/libesp8266.a(ets_printf.o)
 .xtensa.info   0x0000000000000038        0x0 /ihoment/home/zhouhua/ESP8266/ESP8266_RTOS_SDK/zhouhua/build/bootloader/util/libutil.a(crc.o)
 .xtensa.info   0x0000000000000038        0x0 /ihoment/home/zhouhua/ESP8266/ESP8266_RTOS_SDK/components/esp8266/lib/libcore.a(phy.o)
 .xtensa.info   0x0000000000000038        0x0 /ihoment/home/zhouhua/ESP8266/ESP8266_RTOS_SDK/components/esp8266/lib/libcore.a(uart.o)
